Archive member included to satisfy reference by file (symbol)

/usr/lib/gcc/arm-none-eabi/5.4.1/armv6-m/libgcc.a(_udivsi3.o)
                              conversion.o (__aeabi_uidiv)
/usr/lib/gcc/arm-none-eabi/5.4.1/armv6-m/libgcc.a(_dvmd_tls.o)
                              /usr/lib/gcc/arm-none-eabi/5.4.1/armv6-m/libgcc.a(_udivsi3.o) (__aeabi_idiv0)
/usr/lib/gcc/arm-none-eabi/5.4.1/armv6-m/libgcc.a(_arm_cmpdf2.o)
                              uart0.o (__aeabi_dcmplt)
/usr/lib/gcc/arm-none-eabi/5.4.1/armv6-m/libgcc.a(floatunsisf.o)
                              time_profiler.o (__aeabi_ui2f)
/usr/lib/gcc/arm-none-eabi/5.4.1/armv6-m/libgcc.a(divdf3.o)
                              time_profiler.o (__aeabi_ddiv)
/usr/lib/gcc/arm-none-eabi/5.4.1/armv6-m/libgcc.a(eqdf2.o)
                              /usr/lib/gcc/arm-none-eabi/5.4.1/armv6-m/libgcc.a(_arm_cmpdf2.o) (__eqdf2)
/usr/lib/gcc/arm-none-eabi/5.4.1/armv6-m/libgcc.a(gedf2.o)
                              /usr/lib/gcc/arm-none-eabi/5.4.1/armv6-m/libgcc.a(_arm_cmpdf2.o) (__gedf2)
/usr/lib/gcc/arm-none-eabi/5.4.1/armv6-m/libgcc.a(ledf2.o)
                              /usr/lib/gcc/arm-none-eabi/5.4.1/armv6-m/libgcc.a(_arm_cmpdf2.o) (__ledf2)
/usr/lib/gcc/arm-none-eabi/5.4.1/armv6-m/libgcc.a(muldf3.o)
                              time_profiler.o (__aeabi_dmul)
/usr/lib/gcc/arm-none-eabi/5.4.1/armv6-m/libgcc.a(extendsfdf2.o)
                              time_profiler.o (__aeabi_f2d)
/usr/lib/gcc/arm-none-eabi/5.4.1/armv6-m/libgcc.a(truncdfsf2.o)
                              time_profiler.o (__aeabi_d2f)
/usr/lib/gcc/arm-none-eabi/5.4.1/armv6-m/libgcc.a(_clzsi2.o)
                              /usr/lib/gcc/arm-none-eabi/5.4.1/armv6-m/libgcc.a(floatunsisf.o) (__clzsi2)
/usr/lib/gcc/arm-none-eabi/5.4.1/../../../arm-none-eabi/lib/armv6-m/libg.a(lib_a-atexit.o)
                              /usr/lib/gcc/arm-none-eabi/5.4.1/../../../arm-none-eabi/lib/armv6-m/crt0.o (atexit)
/usr/lib/gcc/arm-none-eabi/5.4.1/../../../arm-none-eabi/lib/armv6-m/libg.a(lib_a-ctime.o)
                              timestamp.o (ctime)
/usr/lib/gcc/arm-none-eabi/5.4.1/../../../arm-none-eabi/lib/armv6-m/libg.a(lib_a-exit.o)
                              /usr/lib/gcc/arm-none-eabi/5.4.1/../../../arm-none-eabi/lib/armv6-m/crt0.o (exit)
/usr/lib/gcc/arm-none-eabi/5.4.1/../../../arm-none-eabi/lib/armv6-m/libg.a(lib_a-fini.o)
                              /usr/lib/gcc/arm-none-eabi/5.4.1/../../../arm-none-eabi/lib/armv6-m/crt0.o (__libc_fini_array)
/usr/lib/gcc/arm-none-eabi/5.4.1/../../../arm-none-eabi/lib/armv6-m/libg.a(lib_a-impure.o)
                              /usr/lib/gcc/arm-none-eabi/5.4.1/../../../arm-none-eabi/lib/armv6-m/libg.a(lib_a-exit.o) (_global_impure_ptr)
/usr/lib/gcc/arm-none-eabi/5.4.1/../../../arm-none-eabi/lib/armv6-m/libg.a(lib_a-init.o)
                              /usr/lib/gcc/arm-none-eabi/5.4.1/../../../arm-none-eabi/lib/armv6-m/crt0.o (__libc_init_array)
/usr/lib/gcc/arm-none-eabi/5.4.1/../../../arm-none-eabi/lib/armv6-m/libg.a(lib_a-lcltime.o)
                              /usr/lib/gcc/arm-none-eabi/5.4.1/../../../arm-none-eabi/lib/armv6-m/libg.a(lib_a-ctime.o) (localtime)
/usr/lib/gcc/arm-none-eabi/5.4.1/../../../arm-none-eabi/lib/armv6-m/libg.a(lib_a-lcltime_r.o)
                              /usr/lib/gcc/arm-none-eabi/5.4.1/../../../arm-none-eabi/lib/armv6-m/libg.a(lib_a-lcltime.o) (localtime_r)
/usr/lib/gcc/arm-none-eabi/5.4.1/../../../arm-none-eabi/lib/armv6-m/libg.a(lib_a-malloc.o)
                              memory.o (malloc)
/usr/lib/gcc/arm-none-eabi/5.4.1/../../../arm-none-eabi/lib/armv6-m/libg.a(lib_a-mallocr.o)
                              /usr/lib/gcc/arm-none-eabi/5.4.1/../../../arm-none-eabi/lib/armv6-m/libg.a(lib_a-malloc.o) (_malloc_r)
/usr/lib/gcc/arm-none-eabi/5.4.1/../../../arm-none-eabi/lib/armv6-m/libg.a(lib_a-memcpy-stub.o)
                              project3.o (memcpy)
/usr/lib/gcc/arm-none-eabi/5.4.1/../../../arm-none-eabi/lib/armv6-m/libg.a(lib_a-memmove.o)
                              logger_helper.o (memmove)
/usr/lib/gcc/arm-none-eabi/5.4.1/../../../arm-none-eabi/lib/armv6-m/libg.a(lib_a-memset.o)
                              /usr/lib/gcc/arm-none-eabi/5.4.1/../../../arm-none-eabi/lib/armv6-m/crt0.o (memset)
/usr/lib/gcc/arm-none-eabi/5.4.1/../../../arm-none-eabi/lib/armv6-m/libg.a(lib_a-mlock.o)
                              /usr/lib/gcc/arm-none-eabi/5.4.1/../../../arm-none-eabi/lib/armv6-m/libg.a(lib_a-mallocr.o) (__malloc_lock)
/usr/lib/gcc/arm-none-eabi/5.4.1/../../../arm-none-eabi/lib/armv6-m/libg.a(lib_a-month_lengths.o)
                              /usr/lib/gcc/arm-none-eabi/5.4.1/../../../arm-none-eabi/lib/armv6-m/libg.a(lib_a-lcltime_r.o) (__month_lengths)
/usr/lib/gcc/arm-none-eabi/5.4.1/../../../arm-none-eabi/lib/armv6-m/libg.a(lib_a-sbrkr.o)
                              /usr/lib/gcc/arm-none-eabi/5.4.1/../../../arm-none-eabi/lib/armv6-m/libg.a(lib_a-mallocr.o) (_sbrk_r)
[...]
Memory Configuration

Name             Origin             Length             Attributes
m_interrupts     0x00000000         0x00000100         xr
m_flash_config   0x00000400         0x00000010         xr
m_text           0x00000410         0x0001fbf0         xr
m_data           0x1ffff000         0x00004000         rw
*default*        0x00000000         0xffffffff

Linker script and memory map

LOAD /usr/lib/gcc/arm-none-eabi/5.4.1/armv6-m/crti.o
LOAD /usr/lib/gcc/arm-none-eabi/5.4.1/armv6-m/crtbegin.o
LOAD /usr/lib/gcc/arm-none-eabi/5.4.1/../../../arm-none-eabi/lib/armv6-m/crt0.o
LOAD debug.o
LOAD memory.o
LOAD conversion.o
LOAD circular_buffer.o
LOAD platform.o
LOAD logger_queue.o
LOAD logger_helper.o
LOAD logger.o
LOAD data_processing.o
LOAD timestamp.o
LOAD time_profiler.o
LOAD project3.o
LOAD main.o
LOAD system_MKL25Z4.o
LOAD mcg.o
LOAD gpio.o
LOAD uart0.o
LOAD dma.o
LOAD nordic_driver.o
LOAD spi.o
LOAD timer0.o
LOAD startup_MKL25Z4.o
START GROUP
LOAD /usr/lib/gcc/arm-none-eabi/5.4.1/armv6-m/libgcc.a
LOAD /usr/lib/gcc/arm-none-eabi/5.4.1/../../../arm-none-eabi/lib/armv6-m/libg.a
LOAD /usr/lib/gcc/arm-none-eabi/5.4.1/../../../arm-none-eabi/lib/armv6-m/libc.a
END GROUP
START GROUP
LOAD /usr/lib/gcc/arm-none-eabi/5.4.1/armv6-m/libgcc.a
LOAD /usr/lib/gcc/arm-none-eabi/5.4.1/../../../arm-none-eabi/lib/armv6-m/libc.a
LOAD /usr/lib/gcc/arm-none-eabi/5.4.1/../../../arm-none-eabi/lib/armv6-m/libnosys.a
END GROUP
LOAD /usr/lib/gcc/arm-none-eabi/5.4.1/armv6-m/crtend.o
LOAD /usr/lib/gcc/arm-none-eabi/5.4.1/armv6-m/crtn.o
                0x00003200                HEAP_SIZE = DEFINED (__heap_size__)?__heap_size__:0x3200
                0x00000400                STACK_SIZE = DEFINED (__stack_size__)?__stack_size__:0x400

.interrupts     0x00000000       0xc0
                0x00000000                __VECTOR_TABLE = .
                0x00000000                . = ALIGN (0x4)
 *(.isr_vector)
 .isr_vector    0x00000000       0xc0 startup_MKL25Z4.o
                0x00000000                __isr_vector
                0x000000c0                . = ALIGN (0x4)

.flash_config   0x00000400       0x10
                0x00000400                . = ALIGN (0x4)
 *(.FlashConfig)
 .FlashConfig   0x00000400       0x10 startup_MKL25Z4.o
                0x00000410                . = ALIGN (0x4)

.text           0x00000410     0xf03c
                0x00000410                . = ALIGN (0x4)
 *(.text)
 .text          0x00000410        0x0 /usr/lib/gcc/arm-none-eabi/5.4.1/armv6-m/crti.o
 .text          0x00000410       0xb4 /usr/lib/gcc/arm-none-eabi/5.4.1/armv6-m/crtbegin.o
 .text          0x000004c4       0x6c /usr/lib/gcc/arm-none-eabi/5.4.1/../../../arm-none-eabi/lib/armv6-m/crt0.o
                0x000004c4                _mainCRTStartup
                0x000004c4                _start
 .text          0x00000530       0x54 debug.o
                0x00000530                print_memory
 .text          0x00000584      0x394 memory.o
                0x00000584                my_memmove
                0x000005e0                my_memcpy
                0x00000634                my_memset
                0x00000678                my_memzero
                0x000006b8                my_reverse
                0x00000738                reserve_words
                0x00000758                free_words
                0x00000770                memmove_dma
                0x00000868                memset_dma
 .text          0x00000918      0x2d4 conversion.o
                0x00000918                power
                0x00000950                my_itoa
                0x00000a58                my_atoi
                0x00000b1c                big_to_little32
                0x00000b84                little_to_big32
 .text          0x00000bec      0x3c8 circular_buffer.o
                0x00000bec                CB_init
                0x00000c8c                CB_buffer_add_item
                0x00000d28                CB_buffer_remove_item
                0x00000dc8                CB_peek
                0x00000e8c                CB_is_full
                0x00000ee0                CB_is_empty
                0x00000f30                CB_destroy
                0x00000f90                get_CB_error_String
 .text          0x00000fb4       0x2c platform.o
                0x00000fb4                printf
 .text          0x00000fe0        0x0 logger_queue.o
 .text          0x00000fe0      0x8ac logger_helper.o
                0x00000fe0                getChecksum
                0x00001060                log_hearbeat
                0x000010ac                log_logger_initialized
                0x000010f8                log_gpio_initialized
                0x00001144                log_system_initialized
                0x00001190                log_system_halted
                0x000011dc                log_info
                0x00001248                log_warning
                0x000012b4                log_error
                0x00001320                log_profiling_started
                0x0000138c                log_profiling_result
                0x000013f8                log_profiling_completed
                0x00001464                log_data_received
                0x000014d0                log_data_analysis_started
                0x0000151c                log_data_alpha_count
                0x00001588                log_data_numeric_count
                0x000015f4                log_data_punctuation_count
                0x00001660                log_data_misc_count
                0x000016cc                log_data_analysis_completed
                0x00001738                get_LOG_ID_String
                0x0000175c                log_binary
                0x000017c4                log_ascii
                0x0000185c                log_item
 .text          0x0000188c       0xa0 logger.o
                0x0000188c                logger_log
 .text          0x0000192c      0x280 data_processing.o
                0x000019c8                processData
 .text          0x00001bac      0x234 timestamp.o
                0x00001c3c                rtc_init
                0x00001d08                RTC_IRQHandler
                0x00001d20                RTC_Seconds_IRQHandler
                0x00001d74                getcurrentTimeStampString
                0x00001da4                getString_of_TimeStamp
                0x00001dcc                getTimeStamp
 .text          0x00001de0       0xf0 time_profiler.o
                0x00001de0                profiler_setup
                0x00001e30                SysTick_IRQHandler
                0x00001e50                profiler_getTickDiff
                0x00001e70                profiler_getCurrentTick
                0x00001e84                profiler_getTime_us
 .text          0x00001ed0      0x5c8 project3.o
                0x00001ed0                project3
                0x00001f34                profile_memoryFunctions
                0x000022b8                profiler_Test
                0x00002338                Nordic_Test
 .text          0x00002498       0x10 main.o
                0x00002498                main
 .text          0x000024a8      0x258 system_MKL25Z4.o
                0x000024a8                SystemInit
                0x000024c0                SystemCoreClockUpdate
 .text          0x00002700       0x20 mcg.o
                0x00002700                mcg_Init
 .text          0x00002720      0x43c gpio.o
                0x00002720                GPIO_PORTA_ENABLE
                0x00002744                GPIO_PORTB_ENABLE
                0x00002768                GPIO_PORTC_ENABLE
                0x0000278c                GPIO_PORTD_ENABLE
                0x000027b0                GPIO_PORTE_ENABLE
                0x000027d4                GPIO_PORT_ENABLE
                0x00002820                GPIO_PinDir
                0x000028a0                GPIO_PinOutClear
                0x000028e4                GPIO_PinOutSet
                0x00002928                GPIO_PinOutToggle
                0x0000296c                GPIO_PinOutGet
                0x000029a8                GPIO_PinInGet
                0x000029e4                GPIO_PinAltFuncSel
                0x00002a3c                GPIO_Red_Led_En
                0x00002a60                GPIO_Green_Led_En
                0x00002a84                GPIO_Blue_Led_En
                0x00002aa8                GPIO_Red_On
                0x00002abc                GPIO_Red_Off
                0x00002ad0                GPIO_Red_Toggle
                0x00002ae4                GPIO_Green_On
                0x00002af8                GPIO_Green_Off
                0x00002b0c                GPIO_Green_Toggle
                0x00002b20                GPIO_Blue_On
                0x00002b34                GPIO_Blue_Off
                0x00002b48                GPIO_Blue_Toggle
 .text          0x00002b5c      0x9a0 uart0.o
                0x00002b88                UART0_getBuffer
                0x00002bbc                UART0_setBuffer
                0x00002d08                UART0_configure
                0x00002e78                UART0_send
                0x00002ebc                UART0_sendN
                0x00002ef8                UART0_puts
                0x00002f34                UART0_putstr
                0x00002fb0                convert
                0x00003008                UART0_printf
                0x0000319c                UART0_CBsend
                0x000031d8                UART0_receive
                0x00003210                UART0_receiveN
                0x0000324c                UART0_CBsendN
                0x000032bc                UART0_CBreceive
                0x00003310                UART0_CBreceiveN
                0x0000337c                UART0_logFlush
                0x00003398                UART0_IRQHandler
 .text          0x000034fc      0x6c8 dma.o
                0x0000355c                dma_clockEnable
                0x00003580                dma_clockDisable
                0x000035c4                dma_configure
                0x00003768                dma_initiate
                0x00003a08                dma_startTransfer
                0x00003a84                DMA0_IRQHandler
                0x00003ae8                DMA1_IRQHandler
                0x00003b54                DMA2_IRQHandler
                0x00003b8c                DMA3_IRQHandler
 .text          0x00003bc4      0x328 nordic_driver.o
                0x00003bec                NRF_gpioInit
                0x00003c34                NRF_moduleInit
                0x00003c48                NRF_moduleDisable
                0x00003c6c                NRF_read_register
                0x00003cc4                NRF_write_command
                0x00003cf8                NRF_write_register
                0x00003d48                NRF_read_status
                0x00003d5c                NRF_write_config
                0x00003d7c                NRF_read_config
                0x00003d90                NRF_read_rf_setup
                0x00003da4                NRF_write_rf_setup
                0x00003dc4                NRF_read_rf_ch
                0x00003dd8                NRF_write_rf_ch
                0x00003df8                NRF_read_TX_ADDR
                0x00003e60                NRF_write_TX_ADDR
                0x00003ea4                NRF_read_fifo_status
                0x00003eb8                NRF_flush_tx_fifo
                0x00003ec8                NRF_flush_rx_fifo
                0x00003ed8                NRF_activate_cmd
 .text          0x00003eec      0x34c spi.o
                0x00003f1c                SPI_GPIO_init
                0x00003f70                SPI_disable
                0x00003fb4                SPI_clock_init
                0x00004008                SPI_init
                0x000040e8                SPI_read_byte
                0x00004124                SPI_write_byte
                0x00004168                SPI_write_packet
                0x000041c0                SPI_read_packet
                0x00004218                SPI0_IRQHandler
 .text          0x00004238       0xf4 timer0.o
                0x00004264                timer0_clockInit
                0x000042a0                timer0_configure
                0x00004300                TPM0_IRQHandler
 .text          0x0000432c       0x34 startup_MKL25Z4.o
                0x0000432c                Reset_Handler
                0x00004358                I2C0_IRQHandler
                0x00004358                HardFault_Handler
                0x00004358                SysTick_Handler
                0x00004358                PendSV_Handler
                0x00004358                NMI_Handler
                0x00004358                I2C1_IRQHandler
                0x00004358                UART1_IRQHandler
                0x00004358                LLWU_IRQHandler
                0x00004358                TSI0_IRQHandler
                0x00004358                ADC0_IRQHandler
                0x00004358                Reserved39_IRQHandler
                0x00004358                SPI1_IRQHandler
                0x00004358                DefaultISR
                0x00004358                PORTD_IRQHandler
                0x00004358                TPM2_IRQHandler
                0x00004358                MCG_IRQHandler
                0x00004358                UART2_IRQHandler
                0x00004358                Reserved20_IRQHandler
                0x00004358                USB0_IRQHandler
                0x00004358                PIT_IRQHandler
                0x00004358                SVC_Handler
                0x00004358                DAC0_IRQHandler
                0x00004358                Reserved45_IRQHandler
                0x00004358                TPM1_IRQHandler
                0x00004358                LVD_LVW_IRQHandler
                0x00004358                PORTA_IRQHandler
                0x00004358                FTFA_IRQHandler
                0x00004358                LPTMR0_IRQHandler
                0x00004358                CMP0_IRQHandler
 .text          0x00004360      0x114 /usr/lib/gcc/arm-none-eabi/5.4.1/armv6-m/libgcc.a(_udivsi3.o)
                0x00004360                __udivsi3
                0x00004360                __aeabi_uidiv
                0x0000446c                __aeabi_uidivmod
 .text          0x00004474        0x4 /usr/lib/gcc/arm-none-eabi/5.4.1/armv6-m/libgcc.a(_dvmd_tls.o)
                0x00004474                __aeabi_ldiv0
                0x00004474                __aeabi_idiv0
 .text          0x00004478       0x7c /usr/lib/gcc/arm-none-eabi/5.4.1/armv6-m/libgcc.a(_arm_cmpdf2.o)
                0x00004478                __aeabi_cdrcmple
                0x00004488                __aeabi_cdcmple
                0x00004488                __aeabi_cdcmpeq
                0x00004498                __aeabi_dcmpeq
                0x000044a4                __aeabi_dcmplt
                0x000044b8                __aeabi_dcmple
                0x000044cc                __aeabi_dcmpgt
                0x000044e0                __aeabi_dcmpge
 .text          0x000044f4       0x7c /usr/lib/gcc/arm-none-eabi/5.4.1/armv6-m/libgcc.a(floatunsisf.o)
                0x000044f4                __aeabi_ui2f
 .text          0x00004570      0x62c /usr/lib/gcc/arm-none-eabi/5.4.1/armv6-m/libgcc.a(divdf3.o)
                0x00004570                __aeabi_ddiv
 .text          0x00004b9c       0x80 /usr/lib/gcc/arm-none-eabi/5.4.1/armv6-m/libgcc.a(eqdf2.o)
                0x00004b9c                __eqdf2
                0x00004b9c                __nedf2
 .text          0x00004c1c       0xc8 /usr/lib/gcc/arm-none-eabi/5.4.1/armv6-m/libgcc.a(gedf2.o)
                0x00004c1c                __gtdf2
                0x00004c1c                __gedf2
 .text          0x00004ce4       0xd4 /usr/lib/gcc/arm-none-eabi/5.4.1/armv6-m/libgcc.a(ledf2.o)
                0x00004ce4                __ltdf2
                0x00004ce4                __ledf2
 .text          0x00004db8      0x4f4 /usr/lib/gcc/arm-none-eabi/5.4.1/armv6-m/libgcc.a(muldf3.o)
                0x00004db8                __aeabi_dmul
 .text          0x000052ac       0xa8 /usr/lib/gcc/arm-none-eabi/5.4.1/armv6-m/libgcc.a(extendsfdf2.o)
                0x000052ac                __aeabi_f2d
 .text          0x00005354      0x118 /usr/lib/gcc/arm-none-eabi/5.4.1/armv6-m/libgcc.a(truncdfsf2.o)
                0x00005354                __aeabi_d2f
 .text          0x0000546c       0x3c /usr/lib/gcc/arm-none-eabi/5.4.1/armv6-m/libgcc.a(_clzsi2.o)
                0x0000546c                __clzsi2
 .text          0x000054a8       0x10 /usr/lib/gcc/arm-none-eabi/5.4.1/../../../arm-none-eabi/lib/armv6-m/libg.a(lib_a-atexit.o)
                0x000054a8                atexit
 .text          0x000054b8        0xc /usr/lib/gcc/arm-none-eabi/5.4.1/../../../arm-none-eabi/lib/armv6-m/libg.a(lib_a-ctime.o)
                0x000054b8                ctime
 .text          0x000054c4       0x20 /usr/lib/gcc/arm-none-eabi/5.4.1/../../../arm-none-eabi/lib/armv6-m/libg.a(lib_a-exit.o)
                0x000054c4                exit
 .text          0x000054e4       0x34 /usr/lib/gcc/arm-none-eabi/5.4.1/../../../arm-none-eabi/lib/armv6-m/libg.a(lib_a-fini.o)
                0x000054e4                __libc_fini_array
 .text          0x00005518        0x0 /usr/lib/gcc/arm-none-eabi/5.4.1/../../../arm-none-eabi/lib/armv6-m/libg.a(lib_a-impure.o)
 .text          0x00005518       0x48 /usr/lib/gcc/arm-none-eabi/5.4.1/../../../arm-none-eabi/lib/armv6-m/libg.a(lib_a-init.o)
                0x00005518                __libc_init_array
 .text          0x00005560       0x14 /usr/lib/gcc/arm-none-eabi/5.4.1/../../../arm-none-eabi/lib/armv6-m/libg.a(lib_a-lcltime.o)
                0x00005560                localtime
 .text          0x00005574      0x210 /usr/lib/gcc/arm-none-eabi/5.4.1/../../../arm-none-eabi/lib/armv6-m/libg.a(lib_a-lcltime_r.o)
                0x00005574                localtime_r
 .text          0x00005784       0x28 /usr/lib/gcc/arm-none-eabi/5.4.1/../../../arm-none-eabi/lib/armv6-m/libg.a(lib_a-malloc.o)
                0x00005784                malloc
                0x00005798                free
 .text          0x000057ac      0x54c /usr/lib/gcc/arm-none-eabi/5.4.1/../../../arm-none-eabi/lib/armv6-m/libg.a(lib_a-mallocr.o)
                0x000057ac                _malloc_r
 .text          0x00005cf8       0x7c /usr/lib/gcc/arm-none-eabi/5.4.1/../../../arm-none-eabi/lib/armv6-m/libg.a(lib_a-memcpy-stub.o)
                0x00005cf8                memcpy
 .text          0x00005d74       0x98 /usr/lib/gcc/arm-none-eabi/5.4.1/../../../arm-none-eabi/lib/armv6-m/libg.a(lib_a-memmove.o)
                0x00005d74                memmove
 .text          0x00005e0c       0x8c /usr/lib/gcc/arm-none-eabi/5.4.1/../../../arm-none-eabi/lib/armv6-m/libg.a(lib_a-memset.o)
                0x00005e0c                memset
 .text          0x00005e98        0x8 /usr/lib/gcc/arm-none-eabi/5.4.1/../../../arm-none-eabi/lib/armv6-m/libg.a(lib_a-mlock.o)
                0x00005e98                __malloc_lock
                0x00005e9c                __malloc_unlock
 .text          0x00005ea0        0x0 /usr/lib/gcc/arm-none-eabi/5.4.1/../../../arm-none-eabi/lib/armv6-m/libg.a(lib_a-month_lengths.o)
 .text          0x00005ea0       0x24 /usr/lib/gcc/arm-none-eabi/5.4.1/../../../arm-none-eabi/lib/armv6-m/libg.a(lib_a-sbrkr.o)
                0x00005ea0                _sbrk_r
 .text          0x00005ec4       0x84 /usr/lib/gcc/arm-none-eabi/5.4.1/../../../arm-none-eabi/lib/armv6-m/libg.a(lib_a-sprintf.o)
                0x00005ec4                _sprintf_r
                0x00005f04                sprintf
 .text          0x00005f48     0x17f4 /usr/lib/gcc/arm-none-eabi/5.4.1/../../../arm-none-eabi/lib/armv6-m/libg.a(lib_a-svfprintf.o)
                0x00005f48                _svfprintf_r
 .text          0x0000773c      0x194 /usr/lib/gcc/arm-none-eabi/5.4.1/../../../arm-none-eabi/lib/armv6-m/libg.a(lib_a-tzcalc_limits.o)
                0x0000773c                __tzcalc_limits
 .text          0x000078d0        0x8 /usr/lib/gcc/arm-none-eabi/5.4.1/../../../arm-none-eabi/lib/armv6-m/libg.a(lib_a-tzlock.o)
                0x000078d0                __tz_lock
                0x000078d4                __tz_unlock
 .text          0x000078d8       0x28 /usr/lib/gcc/arm-none-eabi/5.4.1/../../../arm-none-eabi/lib/armv6-m/libg.a(lib_a-tzset.o)
                0x000078d8                _tzset_unlocked
                0x000078e8                tzset
 .text          0x00007900      0x364 /usr/lib/gcc/arm-none-eabi/5.4.1/../../../arm-none-eabi/lib/armv6-m/libg.a(lib_a-tzset_r.o)
                0x00007900                _tzset_unlocked_r
                0x00007c50                _tzset_r
 .text          0x00007c64        0x0 /usr/lib/gcc/arm-none-eabi/5.4.1/../../../arm-none-eabi/lib/armv6-m/libg.a(lib_a-tzvars.o)
 .text          0x00007c64       0x94 /usr/lib/gcc/arm-none-eabi/5.4.1/../../../arm-none-eabi/lib/armv6-m/libg.a(lib_a-vsnprintf.o)
                0x00007c64                _vsnprintf_r
                0x00007cd8                vsnprintf
 .text          0x00007cf8       0xd4 /usr/lib/gcc/arm-none-eabi/5.4.1/../../../arm-none-eabi/lib/armv6-m/libg.a(lib_a-__atexit.o)
                0x00007cf8                __register_exitproc
 .text          0x00007dcc       0xfc /usr/lib/gcc/arm-none-eabi/5.4.1/../../../arm-none-eabi/lib/armv6-m/libg.a(lib_a-__call_atexit.o)
                0x00007dcc                __call_exitprocs
 .text          0x00007ec8       0x14 /usr/lib/gcc/arm-none-eabi/5.4.1/../../../arm-none-eabi/lib/armv6-m/libg.a(lib_a-asctime.o)
                0x00007ec8                asctime
 .text          0x00007edc       0x50 /usr/lib/gcc/arm-none-eabi/5.4.1/../../../arm-none-eabi/lib/armv6-m/libg.a(lib_a-asctime_r.o)
                0x00007edc                asctime_r
 .text          0x00007f2c     0x10a4 /usr/lib/gcc/arm-none-eabi/5.4.1/../../../arm-none-eabi/lib/armv6-m/libg.a(lib_a-dtoa.o)
                0x0000807c                _dtoa_r
 .text          0x00008fd0      0x264 /usr/lib/gcc/arm-none-eabi/5.4.1/../../../arm-none-eabi/lib/armv6-m/libg.a(lib_a-freer.o)
                0x00008fd0                _malloc_trim_r
                0x00009070                _free_r
 .text          0x00009234       0x9c /usr/lib/gcc/arm-none-eabi/5.4.1/../../../arm-none-eabi/lib/armv6-m/libg.a(lib_a-getenv_r.o)
                0x00009234                _findenv_r
                0x000092c0                _getenv_r
 .text          0x000092d0        0x8 /usr/lib/gcc/arm-none-eabi/5.4.1/../../../arm-none-eabi/lib/armv6-m/libg.a(lib_a-gettzinfo.o)
                0x000092d0                __gettzinfo
 .text          0x000092d8      0x184 /usr/lib/gcc/arm-none-eabi/5.4.1/../../../arm-none-eabi/lib/armv6-m/libg.a(lib_a-gmtime_r.o)
                0x000092d8                gmtime_r
 .text          0x0000945c       0x98 /usr/lib/gcc/arm-none-eabi/5.4.1/../../../arm-none-eabi/lib/armv6-m/libg.a(lib_a-locale.o)
                0x0000945c                _setlocale_r
                0x000094a0                __locale_charset
                0x000094a8                __locale_mb_cur_max
                0x000094b4                __locale_msgcharset
                0x000094c0                __locale_cjk_lang
                0x000094c4                _localeconv_r
                0x000094d0                setlocale
                0x000094e8                localeconv
 .text          0x000094f4       0x90 /usr/lib/gcc/arm-none-eabi/5.4.1/../../../arm-none-eabi/lib/armv6-m/libg.a(lib_a-memchr-stub.o)
                0x000094f4                memchr
 .text          0x00009584      0x984 /usr/lib/gcc/arm-none-eabi/5.4.1/../../../arm-none-eabi/lib/armv6-m/libg.a(lib_a-mprec.o)
                0x00009584                _Balloc
                0x000095d4                _Bfree
                0x000095e8                __multadd
                0x00009674                __s2b
                0x00009704                __hi0bits
                0x00009740                __lo0bits
                0x0000979c                __i2b
                0x000097b0                __multiply
                0x0000990c                __pow5mult
                0x000099c8                __lshift
                0x00009a88                __mcmp
                0x00009ac4                __mdiff
                0x00009be0                __ulp
                0x00009c2c                __b2d
                0x00009d04                __d2b
                0x00009dc0                __ratio
                0x00009e34                _mprec_log10
                0x00009e68                __copybits
                0x00009ea8                __any_on
 .text          0x00009f08       0xb0 /usr/lib/gcc/arm-none-eabi/5.4.1/../../../arm-none-eabi/lib/armv6-m/libg.a(lib_a-reent.o)
                0x00009f08                cleanup_glue
                0x00009f24                _reclaim_reent
 .text          0x00009fb8       0x84 /usr/lib/gcc/arm-none-eabi/5.4.1/../../../arm-none-eabi/lib/armv6-m/libg.a(lib_a-siprintf.o)
                0x00009fb8                _siprintf_r
                0x00009ff8                siprintf
 .text          0x0000a03c       0x9c /usr/lib/gcc/arm-none-eabi/5.4.1/../../../arm-none-eabi/lib/armv6-m/libg.a(lib_a-siscanf.o)
                0x0000a03c                siscanf
                0x0000a08c                _siscanf_r
 .text          0x0000a0d8       0xa0 /usr/lib/gcc/arm-none-eabi/5.4.1/../../../arm-none-eabi/lib/armv6-m/libg.a(lib_a-stdio.o)
                0x0000a0d8                __sread
                0x0000a100                __seofread
                0x0000a104                __swrite
                0x0000a140                __sseek
                0x0000a16c                __sclose
 .text          0x0000a178       0x88 /usr/lib/gcc/arm-none-eabi/5.4.1/../../../arm-none-eabi/lib/armv6-m/libg.a(lib_a-strcmp.o)
                0x0000a178                strcmp
 .text          0x0000a200       0x10 /usr/lib/gcc/arm-none-eabi/5.4.1/../../../arm-none-eabi/lib/armv6-m/libg.a(lib_a-strcpy.o)
                0x0000a200                strcpy
 .text          0x0000a210       0x68 /usr/lib/gcc/arm-none-eabi/5.4.1/../../../arm-none-eabi/lib/armv6-m/libg.a(lib_a-strlen-stub.o)
                0x0000a210                strlen
 .text          0x0000a278       0x98 /usr/lib/gcc/arm-none-eabi/5.4.1/../../../arm-none-eabi/lib/armv6-m/libg.a(lib_a-strncmp.o)
                0x0000a278                strncmp
 .text          0x0000a310      0x1a8 /usr/lib/gcc/arm-none-eabi/5.4.1/../../../arm-none-eabi/lib/armv6-m/libg.a(lib_a-strtoul.o)
                0x0000a310                _strtoul_r
                0x0000a4a0                strtoul
 .text          0x0000a4b8      0xdf8 /usr/lib/gcc/arm-none-eabi/5.4.1/../../../arm-none-eabi/lib/armv6-m/libg.a(lib_a-svfiprintf.o)
                0x0000a4b8                __ssprint_r
                0x0000a5e8                _svfiprintf_r
 .text          0x0000b2b0      0xb40 /usr/lib/gcc/arm-none-eabi/5.4.1/../../../arm-none-eabi/lib/armv6-m/libg.a(lib_a-svfiscanf.o)
                0x0000b2b0                _sungetc_r
                0x0000b334                __ssrefill_r
                0x0000b374                _sfread_r
                0x0000b400                __ssvfiscanf_r
 .text          0x0000bdf0      0x17c /usr/lib/gcc/arm-none-eabi/5.4.1/../../../arm-none-eabi/lib/armv6-m/libg.a(lib_a-ungetc.o)
                0x0000bdf0                __submore
                0x0000be74                _ungetc_r
                0x0000bf54                ungetc
 .text          0x0000bf6c       0x28 /usr/lib/gcc/arm-none-eabi/5.4.1/../../../arm-none-eabi/lib/armv6-m/libg.a(lib_a-writer.o)
                0x0000bf6c                _write_r
 .text          0x0000bf94       0x60 /usr/lib/gcc/arm-none-eabi/5.4.1/../../../arm-none-eabi/lib/armv6-m/libg.a(lib_a-callocr.o)
                0x0000bf94                _calloc_r
 .text          0x0000bff4       0x24 /usr/lib/gcc/arm-none-eabi/5.4.1/../../../arm-none-eabi/lib/armv6-m/libg.a(lib_a-closer.o)
                0x0000bff4                _close_r
 .text          0x0000c018        0x0 /usr/lib/gcc/arm-none-eabi/5.4.1/../../../arm-none-eabi/lib/armv6-m/libg.a(lib_a-ctype_.o)
 .text          0x0000c018        0x0 /usr/lib/gcc/arm-none-eabi/5.4.1/../../../arm-none-eabi/lib/armv6-m/libg.a(lib_a-environ.o)
 .text          0x0000c018        0x8 /usr/lib/gcc/arm-none-eabi/5.4.1/../../../arm-none-eabi/lib/armv6-m/libg.a(lib_a-envlock.o)
                0x0000c018                __env_lock
                0x0000c01c                __env_unlock
 .text          0x0000c020      0x1a4 /usr/lib/gcc/arm-none-eabi/5.4.1/../../../arm-none-eabi/lib/armv6-m/libg.a(lib_a-fflush.o)
                0x0000c020                __sflush_r
                0x0000c170                _fflush_r
                0x0000c19c                fflush
 .text          0x0000c1c4      0x230 /usr/lib/gcc/arm-none-eabi/5.4.1/../../../arm-none-eabi/lib/armv6-m/libg.a(lib_a-findfp.o)
                0x0000c1c8                _cleanup_r
                0x0000c2cc                __sfmoreglue
                0x0000c2fc                __sfp
                0x0000c38c                _cleanup
                0x0000c3a4                __sinit
                0x0000c3b4                __sfp_lock_acquire
                0x0000c3b8                __sfp_lock_release
                0x0000c3bc                __sinit_lock_acquire
                0x0000c3c0                __sinit_lock_release
                0x0000c3c4                __fp_lock_all
                0x0000c3dc                __fp_unlock_all
 .text          0x0000c3f4       0x90 /usr/lib/gcc/arm-none-eabi/5.4.1/../../../arm-none-eabi/lib/armv6-m/libg.a(lib_a-fwalk.o)
                0x0000c3f4                _fwalk
                0x0000c438                _fwalk_reent
 .text          0x0000c484       0x1c /usr/lib/gcc/arm-none-eabi/5.4.1/../../../arm-none-eabi/lib/armv6-m/libg.a(lib_a-iswspace.o)
                0x0000c484                iswspace
 .text          0x0000c4a0       0x28 /usr/lib/gcc/arm-none-eabi/5.4.1/../../../arm-none-eabi/lib/armv6-m/libg.a(lib_a-lseekr.o)
                0x0000c4a0                _lseek_r
 .text          0x0000c4c8       0xcc /usr/lib/gcc/arm-none-eabi/5.4.1/../../../arm-none-eabi/lib/armv6-m/libg.a(lib_a-mbrtowc.o)
                0x0000c4c8                _mbrtowc_r
                0x0000c52c                mbrtowc
 .text          0x0000c594       0x60 /usr/lib/gcc/arm-none-eabi/5.4.1/../../../arm-none-eabi/lib/armv6-m/libg.a(lib_a-mbtowc_r.o)
                0x0000c594                __ascii_mbtowc
                0x0000c5c0                _mbtowc_r
 .text          0x0000c5f4       0x28 /usr/lib/gcc/arm-none-eabi/5.4.1/../../../arm-none-eabi/lib/armv6-m/libg.a(lib_a-readr.o)
                0x0000c5f4                _read_r
 .text          0x0000c61c      0x3dc /usr/lib/gcc/arm-none-eabi/5.4.1/../../../arm-none-eabi/lib/armv6-m/libg.a(lib_a-reallocr.o)
                0x0000c61c                _realloc_r
 .text          0x0000c9f8       0x70 /usr/lib/gcc/arm-none-eabi/5.4.1/../../../arm-none-eabi/lib/armv6-m/libg.a(lib_a-sccl.o)
                0x0000c9f8                __sccl
 .text          0x0000ca68      0x190 /usr/lib/gcc/arm-none-eabi/5.4.1/../../../arm-none-eabi/lib/armv6-m/libg.a(lib_a-strtol.o)
                0x0000ca68                _strtol_r
                0x0000cbe0                strtol
 .text          0x0000cbf8      0x1d4 /usr/lib/gcc/arm-none-eabi/5.4.1/../../../arm-none-eabi/lib/armv6-m/libg.a(lib_a-strtoll_r.o)
                0x0000cbf8                _strtoll_r
 .text          0x0000cdcc      0x1e0 /usr/lib/gcc/arm-none-eabi/5.4.1/../../../arm-none-eabi/lib/armv6-m/libg.a(lib_a-strtoull_r.o)
                0x0000cdcc                _strtoull_r
 .text          0x0000cfac       0xa0 /usr/lib/gcc/arm-none-eabi/5.4.1/../../../arm-none-eabi/lib/armv6-m/libg.a(lib_a-fclose.o)
                0x0000cfac                _fclose_r
                0x0000d038                fclose
 .text          0x0000d04c      0x1d4 /usr/lib/gcc/arm-none-eabi/5.4.1/armv6-m/libgcc.a(_divsi3.o)
                0x0000d04c                __aeabi_idiv
                0x0000d04c                __divsi3
                0x0000d218                __aeabi_idivmod
 .text          0x0000d220       0x40 /usr/lib/gcc/arm-none-eabi/5.4.1/armv6-m/libgcc.a(_aeabi_uldivmod.o)
                0x0000d220                __aeabi_uldivmod
 .text          0x0000d260       0x58 /usr/lib/gcc/arm-none-eabi/5.4.1/armv6-m/libgcc.a(_muldi3.o)
                0x0000d260                __aeabi_lmul
                0x0000d260                __muldi3
 .text          0x0000d2b8      0x180 /usr/lib/gcc/arm-none-eabi/5.4.1/armv6-m/libgcc.a(_udivmoddi4.o)
                0x0000d2b8                __udivmoddi4
 .text          0x0000d438      0x658 /usr/lib/gcc/arm-none-eabi/5.4.1/armv6-m/libgcc.a(adddf3.o)
                0x0000d438                __aeabi_dadd
 .text          0x0000da90      0x6a8 /usr/lib/gcc/arm-none-eabi/5.4.1/armv6-m/libgcc.a(subdf3.o)
                0x0000da90                __aeabi_dsub
 .text          0x0000e138       0x40 /usr/lib/gcc/arm-none-eabi/5.4.1/armv6-m/libgcc.a(unorddf2.o)
                0x0000e138                __aeabi_dcmpun
 .text          0x0000e178       0x6c /usr/lib/gcc/arm-none-eabi/5.4.1/armv6-m/libgcc.a(fixdfsi.o)
                0x0000e178                __aeabi_d2iz
 .text          0x0000e1e4       0x84 /usr/lib/gcc/arm-none-eabi/5.4.1/armv6-m/libgcc.a(floatsidf.o)
                0x0000e1e4                __aeabi_i2d
 .text          0x0000e268       0x70 /usr/lib/gcc/arm-none-eabi/5.4.1/armv6-m/libgcc.a(floatunsidf.o)
                0x0000e268                __aeabi_ui2d
 .text          0x0000e2d8       0x18 /usr/lib/gcc/arm-none-eabi/5.4.1/armv6-m/libgcc.a(_clzdi2.o)
                0x0000e2d8                __clzdi2
 .text          0x0000e2f0       0x10 /usr/lib/gcc/arm-none-eabi/5.4.1/../../../arm-none-eabi/lib/armv6-m/libnosys.a(close.o)
                0x0000e2f0                _close
 .text          0x0000e300       0x10 /usr/lib/gcc/arm-none-eabi/5.4.1/../../../arm-none-eabi/lib/armv6-m/libnosys.a(lseek.o)
                0x0000e300                _lseek
 .text          0x0000e310       0x10 /usr/lib/gcc/arm-none-eabi/5.4.1/../../../arm-none-eabi/lib/armv6-m/libnosys.a(read.o)
                0x0000e310                _read
 .text          0x0000e320       0x1c /usr/lib/gcc/arm-none-eabi/5.4.1/../../../arm-none-eabi/lib/armv6-m/libnosys.a(sbrk.o)
                0x0000e320                _sbrk
 .text          0x0000e33c       0x10 /usr/lib/gcc/arm-none-eabi/5.4.1/../../../arm-none-eabi/lib/armv6-m/libnosys.a(write.o)
                0x0000e33c                _write
 .text          0x0000e34c        0x4 /usr/lib/gcc/arm-none-eabi/5.4.1/../../../arm-none-eabi/lib/armv6-m/libnosys.a(_exit.o)
                0x0000e34c                _exit
 .text          0x0000e350        0x0 /usr/lib/gcc/arm-none-eabi/5.4.1/armv6-m/crtend.o
 .text          0x0000e350        0x0 /usr/lib/gcc/arm-none-eabi/5.4.1/armv6-m/crtn.o
 *(.text*)
 .text.startup  0x0000e350       0x18 /usr/lib/gcc/arm-none-eabi/5.4.1/../../../arm-none-eabi/lib/armv6-m/libg.a(lib_a-__call_atexit.o)
 *(.rodata)
 .rodata        0x0000e368        0xb debug.o
 *fill*         0x0000e373        0x1 
 .rodata        0x0000e374       0xe0 circular_buffer.o
                0x0000e42c                CB_Status_Strings
 .rodata        0x0000e454      0x229 logger_helper.o
                0x0000e454                log_vector
                0x0000e5f4                LOG_ID_Strings
 *fill*         0x0000e67d        0x3 
 .rodata        0x0000e680       0x81 data_processing.o
 *fill*         0x0000e701        0x3 
 .rodata        0x0000e704       0x11 timestamp.o
 *fill*         0x0000e715        0x3 
 .rodata        0x0000e718      0x229 project3.o
 *fill*         0x0000e941        0x3 
 .rodata        0x0000e944       0x3c gpio.o
                0x0000e944                g_GPIO_PORT
                0x0000e958                g_PORT
 .rodata        0x0000e980       0x25 uart0.o
                0x0000e980                BUFFER_COUNT_THRESHOLD
 *fill*         0x0000e9a5        0x3 
 .rodata        0x0000e9a8       0x19 dma.o
 *fill*         0x0000e9c1        0x3 
 .rodata        0x0000e9c4       0x40 /usr/lib/gcc/arm-none-eabi/5.4.1/armv6-m/libgcc.a(divdf3.o)
 .rodata        0x0000ea04       0x40 /usr/lib/gcc/arm-none-eabi/5.4.1/armv6-m/libgcc.a(muldf3.o)
 .rodata        0x0000ea44        0x4 /usr/lib/gcc/arm-none-eabi/5.4.1/../../../arm-none-eabi/lib/armv6-m/libg.a(lib_a-impure.o)
                0x0000ea44                _global_impure_ptr
 .rodata        0x0000ea48       0x60 /usr/lib/gcc/arm-none-eabi/5.4.1/../../../arm-none-eabi/lib/armv6-m/libg.a(lib_a-month_lengths.o)
                0x0000ea48                __month_lengths
 .rodata        0x0000eaa8      0x184 /usr/lib/gcc/arm-none-eabi/5.4.1/../../../arm-none-eabi/lib/armv6-m/libg.a(lib_a-svfprintf.o)
 .rodata        0x0000ec2c       0x39 /usr/lib/gcc/arm-none-eabi/5.4.1/../../../arm-none-eabi/lib/armv6-m/libg.a(lib_a-asctime_r.o)
 *fill*         0x0000ec65        0x3 
 .rodata        0x0000ec68      0x128 /usr/lib/gcc/arm-none-eabi/5.4.1/../../../arm-none-eabi/lib/armv6-m/libg.a(lib_a-mprec.o)
                0x0000ec78                __mprec_tens
                0x0000ed40                __mprec_tinytens
                0x0000ed68                __mprec_bigtens
 .rodata        0x0000ed90      0x184 /usr/lib/gcc/arm-none-eabi/5.4.1/../../../arm-none-eabi/lib/armv6-m/libg.a(lib_a-svfiprintf.o)
 .rodata        0x0000ef14      0x33e /usr/lib/gcc/arm-none-eabi/5.4.1/../../../arm-none-eabi/lib/armv6-m/libg.a(lib_a-svfiscanf.o)
 *fill*         0x0000f252        0x2 
 .rodata        0x0000f254      0x101 /usr/lib/gcc/arm-none-eabi/5.4.1/../../../arm-none-eabi/lib/armv6-m/libg.a(lib_a-ctype_.o)
                0x0000f254                _ctype_
 *(.rodata*)
 *fill*         0x0000f355        0x3 
 .rodata.str1.4
                0x0000f358        0x2 /usr/lib/gcc/arm-none-eabi/5.4.1/../../../arm-none-eabi/lib/armv6-m/libg.a(lib_a-impure.o)
 *fill*         0x0000f35a        0x2 
 .rodata.str1.4
                0x0000f35c       0x42 /usr/lib/gcc/arm-none-eabi/5.4.1/../../../arm-none-eabi/lib/armv6-m/libg.a(lib_a-svfprintf.o)
 *fill*         0x0000f39e        0x2 
 .rodata.str1.4
                0x0000f3a0       0x53 /usr/lib/gcc/arm-none-eabi/5.4.1/../../../arm-none-eabi/lib/armv6-m/libg.a(lib_a-tzset_r.o)
 .rodata.str1.4
                0x0000f3f3        0x4 /usr/lib/gcc/arm-none-eabi/5.4.1/../../../arm-none-eabi/lib/armv6-m/libg.a(lib_a-tzvars.o)
 *fill*         0x0000f3f3        0x1 
 .rodata.str1.4
                0x0000f3f4       0x20 /usr/lib/gcc/arm-none-eabi/5.4.1/../../../arm-none-eabi/lib/armv6-m/libg.a(lib_a-asctime_r.o)
 .rodata.str1.4
                0x0000f414       0x10 /usr/lib/gcc/arm-none-eabi/5.4.1/../../../arm-none-eabi/lib/armv6-m/libg.a(lib_a-dtoa.o)
                                 0x12 (size before relaxing)
 .rodata.str1.4
                0x0000f424        0xc /usr/lib/gcc/arm-none-eabi/5.4.1/../../../arm-none-eabi/lib/armv6-m/libg.a(lib_a-locale.o)
                                 0x12 (size before relaxing)
 .rodata.str1.4
                0x0000f430       0x2f /usr/lib/gcc/arm-none-eabi/5.4.1/../../../arm-none-eabi/lib/armv6-m/libg.a(lib_a-svfiprintf.o)
 .rodata.str1.4
                0x0000f430        0x1 /usr/lib/gcc/arm-none-eabi/5.4.1/../../../arm-none-eabi/lib/armv6-m/libg.a(lib_a-mbrtowc.o)
 *(.glue_7)
 .glue_7        0x0000f430        0x0 linker stubs
 *(.glue_7t)
 .glue_7t       0x0000f430        0x0 linker stubs
 *(.eh_frame)
 .eh_frame      0x0000f430        0x0 /usr/lib/gcc/arm-none-eabi/5.4.1/armv6-m/crtbegin.o
 .eh_frame      0x0000f430        0x4 /usr/lib/gcc/arm-none-eabi/5.4.1/armv6-m/crtend.o
 *(.init)
 .init          0x0000f434        0x4 /usr/lib/gcc/arm-none-eabi/5.4.1/armv6-m/crti.o
                0x0000f434                _init
 .init          0x0000f438        0x8 /usr/lib/gcc/arm-none-eabi/5.4.1/armv6-m/crtn.o
 *(.fini)
 .fini          0x0000f440        0x4 /usr/lib/gcc/arm-none-eabi/5.4.1/armv6-m/crti.o
                0x0000f440                _fini
 .fini          0x0000f444        0x8 /usr/lib/gcc/arm-none-eabi/5.4.1/armv6-m/crtn.o
                0x0000f460                . = ALIGN (0x4)

.vfp11_veneer   0x0000f44c        0x0
 .vfp11_veneer  0x0000f44c        0x0 linker stubs

.v4_bx          0x0000f44c        0x0
 .v4_bx         0x0000f44c        0x0 linker stubs

.iplt           0x0000f44c        0x0
 .iplt          0x0000f44c        0x0 /usr/lib/gcc/arm-none-eabi/5.4.1/armv6-m/crtbegin.o

.ARM.extab      0x0000f44c        0x0
 *(.ARM.extab* .gnu.linkonce.armextab.*)
 .ARM.extab     0x0000f44c        0x0 /usr/lib/gcc/arm-none-eabi/5.4.1/../../../arm-none-eabi/lib/armv6-m/crt0.o
 .ARM.extab     0x0000f44c        0x0 /usr/lib/gcc/arm-none-eabi/5.4.1/armv6-m/libgcc.a(_udivmoddi4.o)

.ARM            0x0000f44c        0x8
                0x0000f44c                __exidx_start = .
 *(.ARM.exidx*)
 .ARM.exidx     0x0000f44c        0x8 /usr/lib/gcc/arm-none-eabi/5.4.1/../../../arm-none-eabi/lib/armv6-m/crt0.o
 .ARM.exidx     0x0000f454        0x0 /usr/lib/gcc/arm-none-eabi/5.4.1/armv6-m/libgcc.a(_udivmoddi4.o)
                                  0x8 (size before relaxing)
                0x0000f454                __exidx_end = .

.rel.dyn        0x0000f454        0x0
 .rel.iplt      0x0000f454        0x0 /usr/lib/gcc/arm-none-eabi/5.4.1/armv6-m/crtbegin.o

.ctors          0x0000f454        0x0
                0x0000f454                __CTOR_LIST__ = .
 *crtbegin.o(.ctors)
 *crtbegin?.o(.ctors)
 *(EXCLUDE_FILE(*crtend.o *crtend?.o) .ctors)
 *(SORT(.ctors.*))
 *(.ctors)
                0x0000f454                __CTOR_END__ = .

.dtors          0x0000f454        0x0
                0x0000f454                __DTOR_LIST__ = .
 *crtbegin.o(.dtors)
 *crtbegin?.o(.dtors)
 *(EXCLUDE_FILE(*crtend.o *crtend?.o) .dtors)
 *(SORT(.dtors.*))
 *(.dtors)
                0x0000f454                __DTOR_END__ = .

.preinit_array  0x0000f454        0x0
                0x0000f454                PROVIDE (__preinit_array_start, .)
 *(.preinit_array*)
                0x0000f454                PROVIDE (__preinit_array_end, .)

.init_array     0x0000f454        0x8
                0x0000f454                PROVIDE (__init_array_start, .)
 *(SORT(.init_array.*))
 .init_array.00000
                0x0000f454        0x4 /usr/lib/gcc/arm-none-eabi/5.4.1/../../../arm-none-eabi/lib/armv6-m/libg.a(lib_a-__call_atexit.o)
 *(.init_array*)
 .init_array    0x0000f458        0x4 /usr/lib/gcc/arm-none-eabi/5.4.1/armv6-m/crtbegin.o
                0x0000f45c                PROVIDE (__init_array_end, .)

.fini_array     0x0000f45c        0x4
                0x0000f45c                PROVIDE (__fini_array_start, .)
 *(SORT(.fini_array.*))
 *(.fini_array*)
 .fini_array    0x0000f45c        0x4 /usr/lib/gcc/arm-none-eabi/5.4.1/armv6-m/crtbegin.o
                0x0000f460                PROVIDE (__fini_array_end, .)
                0x0000f460                __etext = .
                0x0000f460                __DATA_ROM = .

.mtb            0x1ffff000        0x0
                0x1ffff000                . = ALIGN (0x8)
                0x1ffff000                _mtb_start = .
 *(.mtb_buf)
                0x1ffff000                . = ALIGN (0x8)
                0x1ffff000                _mtb_end = .

.data           0x1ffff000      0x92c load address 0x0000f460
                0x1ffff000                . = ALIGN (0x4)
                0x1ffff000                __DATA_RAM = .
                0x1ffff000                __data_start__ = .
 *(.data)
 .data          0x1ffff000        0x0 /usr/lib/gcc/arm-none-eabi/5.4.1/armv6-m/crti.o
 .data          0x1ffff000        0x4 /usr/lib/gcc/arm-none-eabi/5.4.1/armv6-m/crtbegin.o
                0x1ffff000                __dso_handle
 .data          0x1ffff004        0x0 /usr/lib/gcc/arm-none-eabi/5.4.1/../../../arm-none-eabi/lib/armv6-m/crt0.o
 .data          0x1ffff004        0x0 debug.o
 .data          0x1ffff004        0x0 memory.o
 .data          0x1ffff004        0x0 conversion.o
 .data          0x1ffff004        0x0 circular_buffer.o
 .data          0x1ffff004        0x0 platform.o
 .data          0x1ffff004        0x0 logger_queue.o
 .data          0x1ffff004        0x0 logger_helper.o
 .data          0x1ffff004        0x3 logger.o
                0x1ffff004                logging
                0x1ffff005                log_format
                0x1ffff006                verbose_flag
 .data          0x1ffff007        0x0 data_processing.o
 .data          0x1ffff007        0x0 timestamp.o
 .data          0x1ffff007        0x1 time_profiler.o
                0x1ffff007                tick_overflow
 .data          0x1ffff008        0x0 project3.o
 .data          0x1ffff008        0x0 main.o
 .data          0x1ffff008        0x4 system_MKL25Z4.o
                0x1ffff008                SystemCoreClock
 .data          0x1ffff00c        0x0 mcg.o
 .data          0x1ffff00c        0x0 gpio.o
 .data          0x1ffff00c        0x0 uart0.o
 .data          0x1ffff00c        0x0 dma.o
 .data          0x1ffff00c        0x0 nordic_driver.o
 .data          0x1ffff00c        0x8 spi.o
                0x1ffff00c                SPI
 .data          0x1ffff014        0x0 timer0.o
 .data          0x1ffff014        0x0 startup_MKL25Z4.o
 .data          0x1ffff014        0x0 /usr/lib/gcc/arm-none-eabi/5.4.1/armv6-m/libgcc.a(_udivsi3.o)
 .data          0x1ffff014        0x0 /usr/lib/gcc/arm-none-eabi/5.4.1/armv6-m/libgcc.a(_dvmd_tls.o)
 .data          0x1ffff014        0x0 /usr/lib/gcc/arm-none-eabi/5.4.1/armv6-m/libgcc.a(_arm_cmpdf2.o)
 .data          0x1ffff014        0x0 /usr/lib/gcc/arm-none-eabi/5.4.1/armv6-m/libgcc.a(floatunsisf.o)
 .data          0x1ffff014        0x0 /usr/lib/gcc/arm-none-eabi/5.4.1/armv6-m/libgcc.a(divdf3.o)
 .data          0x1ffff014        0x0 /usr/lib/gcc/arm-none-eabi/5.4.1/armv6-m/libgcc.a(eqdf2.o)
 .data          0x1ffff014        0x0 /usr/lib/gcc/arm-none-eabi/5.4.1/armv6-m/libgcc.a(gedf2.o)
 .data          0x1ffff014        0x0 /usr/lib/gcc/arm-none-eabi/5.4.1/armv6-m/libgcc.a(ledf2.o)
 .data          0x1ffff014        0x0 /usr/lib/gcc/arm-none-eabi/5.4.1/armv6-m/libgcc.a(muldf3.o)
 .data          0x1ffff014        0x0 /usr/lib/gcc/arm-none-eabi/5.4.1/armv6-m/libgcc.a(extendsfdf2.o)
 .data          0x1ffff014        0x0 /usr/lib/gcc/arm-none-eabi/5.4.1/armv6-m/libgcc.a(truncdfsf2.o)
 .data          0x1ffff014        0x0 /usr/lib/gcc/arm-none-eabi/5.4.1/armv6-m/libgcc.a(_clzsi2.o)
 .data          0x1ffff014        0x0 /usr/lib/gcc/arm-none-eabi/5.4.1/../../../arm-none-eabi/lib/armv6-m/libg.a(lib_a-atexit.o)
 .data          0x1ffff014        0x0 /usr/lib/gcc/arm-none-eabi/5.4.1/../../../arm-none-eabi/lib/armv6-m/libg.a(lib_a-ctime.o)
 .data          0x1ffff014        0x0 /usr/lib/gcc/arm-none-eabi/5.4.1/../../../arm-none-eabi/lib/armv6-m/libg.a(lib_a-exit.o)
 .data          0x1ffff014        0x0 /usr/lib/gcc/arm-none-eabi/5.4.1/../../../arm-none-eabi/lib/armv6-m/libg.a(lib_a-fini.o)
 *fill*         0x1ffff014        0x4 
 .data          0x1ffff018      0x430 /usr/lib/gcc/arm-none-eabi/5.4.1/../../../arm-none-eabi/lib/armv6-m/libg.a(lib_a-impure.o)
                0x1ffff018                _impure_ptr
 .data          0x1ffff448        0x0 /usr/lib/gcc/arm-none-eabi/5.4.1/../../../arm-none-eabi/lib/armv6-m/libg.a(lib_a-init.o)
 .data          0x1ffff448        0x0 /usr/lib/gcc/arm-none-eabi/5.4.1/../../../arm-none-eabi/lib/armv6-m/libg.a(lib_a-lcltime.o)
 .data          0x1ffff448        0x0 /usr/lib/gcc/arm-none-eabi/5.4.1/../../../arm-none-eabi/lib/armv6-m/libg.a(lib_a-lcltime_r.o)
 .data          0x1ffff448        0x0 /usr/lib/gcc/arm-none-eabi/5.4.1/../../../arm-none-eabi/lib/armv6-m/libg.a(lib_a-malloc.o)
 .data          0x1ffff448      0x410 /usr/lib/gcc/arm-none-eabi/5.4.1/../../../arm-none-eabi/lib/armv6-m/libg.a(lib_a-mallocr.o)
                0x1ffff448                __malloc_av_
                0x1ffff850                __malloc_sbrk_base
                0x1ffff854                __malloc_trim_threshold
 .data          0x1ffff858        0x0 /usr/lib/gcc/arm-none-eabi/5.4.1/../../../arm-none-eabi/lib/armv6-m/libg.a(lib_a-memcpy-stub.o)
 .data          0x1ffff858        0x0 /usr/lib/gcc/arm-none-eabi/5.4.1/../../../arm-none-eabi/lib/armv6-m/libg.a(lib_a-memmove.o)
 .data          0x1ffff858        0x0 /usr/lib/gcc/arm-none-eabi/5.4.1/../../../arm-none-eabi/lib/armv6-m/libg.a(lib_a-memset.o)
 .data          0x1ffff858        0x0 /usr/lib/gcc/arm-none-eabi/5.4.1/../../../arm-none-eabi/lib/armv6-m/libg.a(lib_a-mlock.o)
 .data          0x1ffff858        0x0 /usr/lib/gcc/arm-none-eabi/5.4.1/../../../arm-none-eabi/lib/armv6-m/libg.a(lib_a-month_lengths.o)
 .data          0x1ffff858        0x0 /usr/lib/gcc/arm-none-eabi/5.4.1/../../../arm-none-eabi/lib/armv6-m/libg.a(lib_a-sbrkr.o)
 .data          0x1ffff858        0x0 /usr/lib/gcc/arm-none-eabi/5.4.1/../../../arm-none-eabi/lib/armv6-m/libg.a(lib_a-sprintf.o)
 .data          0x1ffff858        0x0 /usr/lib/gcc/arm-none-eabi/5.4.1/../../../arm-none-eabi/lib/armv6-m/libg.a(lib_a-svfprintf.o)
 .data          0x1ffff858        0x0 /usr/lib/gcc/arm-none-eabi/5.4.1/../../../arm-none-eabi/lib/armv6-m/libg.a(lib_a-tzcalc_limits.o)
 .data          0x1ffff858        0x0 /usr/lib/gcc/arm-none-eabi/5.4.1/../../../arm-none-eabi/lib/armv6-m/libg.a(lib_a-tzlock.o)
 .data          0x1ffff858        0x0 /usr/lib/gcc/arm-none-eabi/5.4.1/../../../arm-none-eabi/lib/armv6-m/libg.a(lib_a-tzset.o)
 .data          0x1ffff858        0x0 /usr/lib/gcc/arm-none-eabi/5.4.1/../../../arm-none-eabi/lib/armv6-m/libg.a(lib_a-tzset_r.o)
 .data          0x1ffff858        0x8 /usr/lib/gcc/arm-none-eabi/5.4.1/../../../arm-none-eabi/lib/armv6-m/libg.a(lib_a-tzvars.o)
                0x1ffff858                _tzname
 .data          0x1ffff860        0x0 /usr/lib/gcc/arm-none-eabi/5.4.1/../../../arm-none-eabi/lib/armv6-m/libg.a(lib_a-vsnprintf.o)
 .data          0x1ffff860        0x0 /usr/lib/gcc/arm-none-eabi/5.4.1/../../../arm-none-eabi/lib/armv6-m/libg.a(lib_a-__atexit.o)
 .data          0x1ffff860        0x0 /usr/lib/gcc/arm-none-eabi/5.4.1/../../../arm-none-eabi/lib/armv6-m/libg.a(lib_a-__call_atexit.o)
 .data          0x1ffff860        0x0 /usr/lib/gcc/arm-none-eabi/5.4.1/../../../arm-none-eabi/lib/armv6-m/libg.a(lib_a-asctime.o)
 .data          0x1ffff860        0x0 /usr/lib/gcc/arm-none-eabi/5.4.1/../../../arm-none-eabi/lib/armv6-m/libg.a(lib_a-asctime_r.o)
 .data          0x1ffff860        0x0 /usr/lib/gcc/arm-none-eabi/5.4.1/../../../arm-none-eabi/lib/armv6-m/libg.a(lib_a-dtoa.o)
 .data          0x1ffff860        0x0 /usr/lib/gcc/arm-none-eabi/5.4.1/../../../arm-none-eabi/lib/armv6-m/libg.a(lib_a-freer.o)
 .data          0x1ffff860        0x0 /usr/lib/gcc/arm-none-eabi/5.4.1/../../../arm-none-eabi/lib/armv6-m/libg.a(lib_a-getenv_r.o)
 .data          0x1ffff860       0x40 /usr/lib/gcc/arm-none-eabi/5.4.1/../../../arm-none-eabi/lib/armv6-m/libg.a(lib_a-gettzinfo.o)
 .data          0x1ffff8a0        0x0 /usr/lib/gcc/arm-none-eabi/5.4.1/../../../arm-none-eabi/lib/armv6-m/libg.a(lib_a-gmtime_r.o)
 .data          0x1ffff8a0       0x7c /usr/lib/gcc/arm-none-eabi/5.4.1/../../../arm-none-eabi/lib/armv6-m/libg.a(lib_a-locale.o)
                0x1ffff8c0                __mb_cur_max
 .data          0x1ffff91c        0x0 /usr/lib/gcc/arm-none-eabi/5.4.1/../../../arm-none-eabi/lib/armv6-m/libg.a(lib_a-memchr-stub.o)
 .data          0x1ffff91c        0x0 /usr/lib/gcc/arm-none-eabi/5.4.1/../../../arm-none-eabi/lib/armv6-m/libg.a(lib_a-mprec.o)
 .data          0x1ffff91c        0x0 /usr/lib/gcc/arm-none-eabi/5.4.1/../../../arm-none-eabi/lib/armv6-m/libg.a(lib_a-reent.o)
 .data          0x1ffff91c        0x0 /usr/lib/gcc/arm-none-eabi/5.4.1/../../../arm-none-eabi/lib/armv6-m/libg.a(lib_a-siprintf.o)
 .data          0x1ffff91c        0x0 /usr/lib/gcc/arm-none-eabi/5.4.1/../../../arm-none-eabi/lib/armv6-m/libg.a(lib_a-siscanf.o)
 .data          0x1ffff91c        0x0 /usr/lib/gcc/arm-none-eabi/5.4.1/../../../arm-none-eabi/lib/armv6-m/libg.a(lib_a-stdio.o)
 .data          0x1ffff91c        0x0 /usr/lib/gcc/arm-none-eabi/5.4.1/../../../arm-none-eabi/lib/armv6-m/libg.a(lib_a-strcmp.o)
 .data          0x1ffff91c        0x0 /usr/lib/gcc/arm-none-eabi/5.4.1/../../../arm-none-eabi/lib/armv6-m/libg.a(lib_a-strcpy.o)
 .data          0x1ffff91c        0x0 /usr/lib/gcc/arm-none-eabi/5.4.1/../../../arm-none-eabi/lib/armv6-m/libg.a(lib_a-strlen-stub.o)
 .data          0x1ffff91c        0x0 /usr/lib/gcc/arm-none-eabi/5.4.1/../../../arm-none-eabi/lib/armv6-m/libg.a(lib_a-strncmp.o)
 .data          0x1ffff91c        0x0 /usr/lib/gcc/arm-none-eabi/5.4.1/../../../arm-none-eabi/lib/armv6-m/libg.a(lib_a-strtoul.o)
 .data          0x1ffff91c        0x0 /usr/lib/gcc/arm-none-eabi/5.4.1/../../../arm-none-eabi/lib/armv6-m/libg.a(lib_a-svfiprintf.o)
 .data          0x1ffff91c        0x0 /usr/lib/gcc/arm-none-eabi/5.4.1/../../../arm-none-eabi/lib/armv6-m/libg.a(lib_a-svfiscanf.o)
 .data          0x1ffff91c        0x0 /usr/lib/gcc/arm-none-eabi/5.4.1/../../../arm-none-eabi/lib/armv6-m/libg.a(lib_a-ungetc.o)
 .data          0x1ffff91c        0x0 /usr/lib/gcc/arm-none-eabi/5.4.1/../../../arm-none-eabi/lib/armv6-m/libg.a(lib_a-writer.o)
 .data          0x1ffff91c        0x0 /usr/lib/gcc/arm-none-eabi/5.4.1/../../../arm-none-eabi/lib/armv6-m/libg.a(lib_a-callocr.o)
 .data          0x1ffff91c        0x0 /usr/lib/gcc/arm-none-eabi/5.4.1/../../../arm-none-eabi/lib/armv6-m/libg.a(lib_a-closer.o)
 .data          0x1ffff91c        0x4 /usr/lib/gcc/arm-none-eabi/5.4.1/../../../arm-none-eabi/lib/armv6-m/libg.a(lib_a-ctype_.o)
                0x1ffff91c                __ctype_ptr__
 .data          0x1ffff920        0x4 /usr/lib/gcc/arm-none-eabi/5.4.1/../../../arm-none-eabi/lib/armv6-m/libg.a(lib_a-environ.o)
                0x1ffff920                environ
 .data          0x1ffff924        0x0 /usr/lib/gcc/arm-none-eabi/5.4.1/../../../arm-none-eabi/lib/armv6-m/libg.a(lib_a-envlock.o)
 .data          0x1ffff924        0x0 /usr/lib/gcc/arm-none-eabi/5.4.1/../../../arm-none-eabi/lib/armv6-m/libg.a(lib_a-fflush.o)
 .data          0x1ffff924        0x0 /usr/lib/gcc/arm-none-eabi/5.4.1/../../../arm-none-eabi/lib/armv6-m/libg.a(lib_a-findfp.o)
 .data          0x1ffff924        0x0 /usr/lib/gcc/arm-none-eabi/5.4.1/../../../arm-none-eabi/lib/armv6-m/libg.a(lib_a-fwalk.o)
 .data          0x1ffff924        0x0 /usr/lib/gcc/arm-none-eabi/5.4.1/../../../arm-none-eabi/lib/armv6-m/libg.a(lib_a-iswspace.o)
 .data          0x1ffff924        0x0 /usr/lib/gcc/arm-none-eabi/5.4.1/../../../arm-none-eabi/lib/armv6-m/libg.a(lib_a-lseekr.o)
 .data          0x1ffff924        0x0 /usr/lib/gcc/arm-none-eabi/5.4.1/../../../arm-none-eabi/lib/armv6-m/libg.a(lib_a-mbrtowc.o)
 .data          0x1ffff924        0x4 /usr/lib/gcc/arm-none-eabi/5.4.1/../../../arm-none-eabi/lib/armv6-m/libg.a(lib_a-mbtowc_r.o)
                0x1ffff924                __mbtowc
 .data          0x1ffff928        0x0 /usr/lib/gcc/arm-none-eabi/5.4.1/../../../arm-none-eabi/lib/armv6-m/libg.a(lib_a-readr.o)
 .data          0x1ffff928        0x0 /usr/lib/gcc/arm-none-eabi/5.4.1/../../../arm-none-eabi/lib/armv6-m/libg.a(lib_a-reallocr.o)
 .data          0x1ffff928        0x0 /usr/lib/gcc/arm-none-eabi/5.4.1/../../../arm-none-eabi/lib/armv6-m/libg.a(lib_a-sccl.o)
 .data          0x1ffff928        0x0 /usr/lib/gcc/arm-none-eabi/5.4.1/../../../arm-none-eabi/lib/armv6-m/libg.a(lib_a-strtol.o)
 .data          0x1ffff928        0x0 /usr/lib/gcc/arm-none-eabi/5.4.1/../../../arm-none-eabi/lib/armv6-m/libg.a(lib_a-strtoll_r.o)
 .data          0x1ffff928        0x0 /usr/lib/gcc/arm-none-eabi/5.4.1/../../../arm-none-eabi/lib/armv6-m/libg.a(lib_a-strtoull_r.o)
 .data          0x1ffff928        0x0 /usr/lib/gcc/arm-none-eabi/5.4.1/../../../arm-none-eabi/lib/armv6-m/libg.a(lib_a-fclose.o)
 .data          0x1ffff928        0x0 /usr/lib/gcc/arm-none-eabi/5.4.1/armv6-m/libgcc.a(_divsi3.o)
 .data          0x1ffff928        0x0 /usr/lib/gcc/arm-none-eabi/5.4.1/armv6-m/libgcc.a(_aeabi_uldivmod.o)
 .data          0x1ffff928        0x0 /usr/lib/gcc/arm-none-eabi/5.4.1/armv6-m/libgcc.a(_muldi3.o)
 .data          0x1ffff928        0x0 /usr/lib/gcc/arm-none-eabi/5.4.1/armv6-m/libgcc.a(_udivmoddi4.o)
 .data          0x1ffff928        0x0 /usr/lib/gcc/arm-none-eabi/5.4.1/armv6-m/libgcc.a(adddf3.o)
 .data          0x1ffff928        0x0 /usr/lib/gcc/arm-none-eabi/5.4.1/armv6-m/libgcc.a(subdf3.o)
 .data          0x1ffff928        0x0 /usr/lib/gcc/arm-none-eabi/5.4.1/armv6-m/libgcc.a(unorddf2.o)
 .data          0x1ffff928        0x0 /usr/lib/gcc/arm-none-eabi/5.4.1/armv6-m/libgcc.a(fixdfsi.o)
 .data          0x1ffff928        0x0 /usr/lib/gcc/arm-none-eabi/5.4.1/armv6-m/libgcc.a(floatsidf.o)
 .data          0x1ffff928        0x0 /usr/lib/gcc/arm-none-eabi/5.4.1/armv6-m/libgcc.a(floatunsidf.o)
 .data          0x1ffff928        0x0 /usr/lib/gcc/arm-none-eabi/5.4.1/armv6-m/libgcc.a(_clzdi2.o)
 .data          0x1ffff928        0x0 /usr/lib/gcc/arm-none-eabi/5.4.1/../../../arm-none-eabi/lib/armv6-m/libnosys.a(close.o)
 .data          0x1ffff928        0x0 /usr/lib/gcc/arm-none-eabi/5.4.1/../../../arm-none-eabi/lib/armv6-m/libnosys.a(lseek.o)
 .data          0x1ffff928        0x0 /usr/lib/gcc/arm-none-eabi/5.4.1/../../../arm-none-eabi/lib/armv6-m/libnosys.a(read.o)
 .data          0x1ffff928        0x0 /usr/lib/gcc/arm-none-eabi/5.4.1/../../../arm-none-eabi/lib/armv6-m/libnosys.a(sbrk.o)
 .data          0x1ffff928        0x0 /usr/lib/gcc/arm-none-eabi/5.4.1/../../../arm-none-eabi/lib/armv6-m/libnosys.a(write.o)
 .data          0x1ffff928        0x0 /usr/lib/gcc/arm-none-eabi/5.4.1/../../../arm-none-eabi/lib/armv6-m/libnosys.a(_exit.o)
 .data          0x1ffff928        0x0 /usr/lib/gcc/arm-none-eabi/5.4.1/armv6-m/crtend.o
 .data          0x1ffff928        0x0 /usr/lib/gcc/arm-none-eabi/5.4.1/armv6-m/crtn.o
 *(.data*)
 *(.jcr*)
 .jcr           0x1ffff928        0x0 /usr/lib/gcc/arm-none-eabi/5.4.1/armv6-m/crtbegin.o
 .jcr           0x1ffff928        0x4 /usr/lib/gcc/arm-none-eabi/5.4.1/armv6-m/crtend.o
                0x1ffff92c                . = ALIGN (0x4)
                0x1ffff92c                __data_end__ = .
                0x0000fd8c                __DATA_END = (__DATA_ROM + (__data_end__ - __data_start__))

.tm_clone_table
                0x1ffff92c        0x0 load address 0x0000fd8c
 .tm_clone_table
                0x1ffff92c        0x0 /usr/lib/gcc/arm-none-eabi/5.4.1/armv6-m/crtbegin.o
 .tm_clone_table
                0x1ffff92c        0x0 /usr/lib/gcc/arm-none-eabi/5.4.1/armv6-m/crtend.o

.igot.plt       0x1ffff92c        0x0 load address 0x0000fd8c
 .igot.plt      0x1ffff92c        0x0 /usr/lib/gcc/arm-none-eabi/5.4.1/armv6-m/crtbegin.o

.bss            0x1ffff92c       0xcc load address 0x0000fd8c
                0x1ffff92c                . = ALIGN (0x4)
                0x1ffff92c                __START_BSS = .
                0x1ffff92c                __bss_start__ = .
 *(.bss)
 .bss           0x1ffff92c        0x0 /usr/lib/gcc/arm-none-eabi/5.4.1/armv6-m/crti.o
 .bss           0x1ffff92c       0x1c /usr/lib/gcc/arm-none-eabi/5.4.1/armv6-m/crtbegin.o
 .bss           0x1ffff948        0x0 /usr/lib/gcc/arm-none-eabi/5.4.1/../../../arm-none-eabi/lib/armv6-m/crt0.o
 .bss           0x1ffff948        0x0 debug.o
 .bss           0x1ffff948        0x1 memory.o
                0x1ffff948                dma_setValue
 .bss           0x1ffff949        0x0 conversion.o
 .bss           0x1ffff949        0x0 circular_buffer.o
 .bss           0x1ffff949        0x0 platform.o
 .bss           0x1ffff949        0x0 logger_queue.o
 .bss           0x1ffff949        0x0 logger_helper.o
 .bss           0x1ffff949        0x0 logger.o
 .bss           0x1ffff949        0x0 data_processing.o
 .bss           0x1ffff949        0x0 timestamp.o
 .bss           0x1ffff949        0x0 time_profiler.o
 .bss           0x1ffff949        0x0 project3.o
 .bss           0x1ffff949        0x0 main.o
 .bss           0x1ffff949        0x0 system_MKL25Z4.o
 .bss           0x1ffff949        0x0 mcg.o
 .bss           0x1ffff949        0x0 gpio.o
 *fill*         0x1ffff949        0x3 
 .bss           0x1ffff94c       0x2d uart0.o
                0x1ffff94c                UART0_TX_buffer
                0x1ffff950                UART0_RX_buffer
                0x1ffff954                processDataNow
                0x1ffff955                RX_bufferDataCount
                0x1ffff956                bufferSet
 *fill*         0x1ffff979        0x3 
 .bss           0x1ffff97c        0xc dma.o
                0x1ffff97c                DMA_CurrentState
                0x1ffff980                tickStart
                0x1ffff984                tickEnd
 .bss           0x1ffff988        0x0 nordic_driver.o
 .bss           0x1ffff988        0x0 spi.o
 .bss           0x1ffff988        0x0 timer0.o
 .bss           0x1ffff988        0x0 startup_MKL25Z4.o
 .bss           0x1ffff988        0x0 /usr/lib/gcc/arm-none-eabi/5.4.1/armv6-m/libgcc.a(_udivsi3.o)
 .bss           0x1ffff988        0x0 /usr/lib/gcc/arm-none-eabi/5.4.1/armv6-m/libgcc.a(_dvmd_tls.o)
 .bss           0x1ffff988        0x0 /usr/lib/gcc/arm-none-eabi/5.4.1/armv6-m/libgcc.a(_arm_cmpdf2.o)
 .bss           0x1ffff988        0x0 /usr/lib/gcc/arm-none-eabi/5.4.1/armv6-m/libgcc.a(floatunsisf.o)
 .bss           0x1ffff988        0x0 /usr/lib/gcc/arm-none-eabi/5.4.1/armv6-m/libgcc.a(divdf3.o)
 .bss           0x1ffff988        0x0 /usr/lib/gcc/arm-none-eabi/5.4.1/armv6-m/libgcc.a(eqdf2.o)
 .bss           0x1ffff988        0x0 /usr/lib/gcc/arm-none-eabi/5.4.1/armv6-m/libgcc.a(gedf2.o)
 .bss           0x1ffff988        0x0 /usr/lib/gcc/arm-none-eabi/5.4.1/armv6-m/libgcc.a(ledf2.o)
 .bss           0x1ffff988        0x0 /usr/lib/gcc/arm-none-eabi/5.4.1/armv6-m/libgcc.a(muldf3.o)
 .bss           0x1ffff988        0x0 /usr/lib/gcc/arm-none-eabi/5.4.1/armv6-m/libgcc.a(extendsfdf2.o)
 .bss           0x1ffff988        0x0 /usr/lib/gcc/arm-none-eabi/5.4.1/armv6-m/libgcc.a(truncdfsf2.o)
 .bss           0x1ffff988        0x0 /usr/lib/gcc/arm-none-eabi/5.4.1/armv6-m/libgcc.a(_clzsi2.o)
 .bss           0x1ffff988        0x0 /usr/lib/gcc/arm-none-eabi/5.4.1/../../../arm-none-eabi/lib/armv6-m/libg.a(lib_a-atexit.o)
 .bss           0x1ffff988        0x0 /usr/lib/gcc/arm-none-eabi/5.4.1/../../../arm-none-eabi/lib/armv6-m/libg.a(lib_a-ctime.o)
 .bss           0x1ffff988        0x0 /usr/lib/gcc/arm-none-eabi/5.4.1/../../../arm-none-eabi/lib/armv6-m/libg.a(lib_a-exit.o)
 .bss           0x1ffff988        0x0 /usr/lib/gcc/arm-none-eabi/5.4.1/../../../arm-none-eabi/lib/armv6-m/libg.a(lib_a-fini.o)
 .bss           0x1ffff988        0x0 /usr/lib/gcc/arm-none-eabi/5.4.1/../../../arm-none-eabi/lib/armv6-m/libg.a(lib_a-impure.o)
 .bss           0x1ffff988        0x0 /usr/lib/gcc/arm-none-eabi/5.4.1/../../../arm-none-eabi/lib/armv6-m/libg.a(lib_a-init.o)
 .bss           0x1ffff988        0x0 /usr/lib/gcc/arm-none-eabi/5.4.1/../../../arm-none-eabi/lib/armv6-m/libg.a(lib_a-lcltime.o)
 .bss           0x1ffff988        0x0 /usr/lib/gcc/arm-none-eabi/5.4.1/../../../arm-none-eabi/lib/armv6-m/libg.a(lib_a-lcltime_r.o)
 .bss           0x1ffff988        0x0 /usr/lib/gcc/arm-none-eabi/5.4.1/../../../arm-none-eabi/lib/armv6-m/libg.a(lib_a-malloc.o)
 .bss           0x1ffff988       0x34 /usr/lib/gcc/arm-none-eabi/5.4.1/../../../arm-none-eabi/lib/armv6-m/libg.a(lib_a-mallocr.o)
                0x1ffff988                __malloc_top_pad
                0x1ffff98c                __malloc_current_mallinfo
                0x1ffff9b4                __malloc_max_sbrked_mem
                0x1ffff9b8                __malloc_max_total_mem
 .bss           0x1ffff9bc        0x0 /usr/lib/gcc/arm-none-eabi/5.4.1/../../../arm-none-eabi/lib/armv6-m/libg.a(lib_a-memcpy-stub.o)
 .bss           0x1ffff9bc        0x0 /usr/lib/gcc/arm-none-eabi/5.4.1/../../../arm-none-eabi/lib/armv6-m/libg.a(lib_a-memmove.o)
 .bss           0x1ffff9bc        0x0 /usr/lib/gcc/arm-none-eabi/5.4.1/../../../arm-none-eabi/lib/armv6-m/libg.a(lib_a-memset.o)
 .bss           0x1ffff9bc        0x0 /usr/lib/gcc/arm-none-eabi/5.4.1/../../../arm-none-eabi/lib/armv6-m/libg.a(lib_a-mlock.o)
 .bss           0x1ffff9bc        0x0 /usr/lib/gcc/arm-none-eabi/5.4.1/../../../arm-none-eabi/lib/armv6-m/libg.a(lib_a-month_lengths.o)
 .bss           0x1ffff9bc        0x0 /usr/lib/gcc/arm-none-eabi/5.4.1/../../../arm-none-eabi/lib/armv6-m/libg.a(lib_a-sbrkr.o)
 .bss           0x1ffff9bc        0x0 /usr/lib/gcc/arm-none-eabi/5.4.1/../../../arm-none-eabi/lib/armv6-m/libg.a(lib_a-sprintf.o)
 .bss           0x1ffff9bc        0x0 /usr/lib/gcc/arm-none-eabi/5.4.1/../../../arm-none-eabi/lib/armv6-m/libg.a(lib_a-svfprintf.o)
 .bss           0x1ffff9bc        0x0 /usr/lib/gcc/arm-none-eabi/5.4.1/../../../arm-none-eabi/lib/armv6-m/libg.a(lib_a-tzcalc_limits.o)
 .bss           0x1ffff9bc        0x0 /usr/lib/gcc/arm-none-eabi/5.4.1/../../../arm-none-eabi/lib/armv6-m/libg.a(lib_a-tzlock.o)
 .bss           0x1ffff9bc        0x0 /usr/lib/gcc/arm-none-eabi/5.4.1/../../../arm-none-eabi/lib/armv6-m/libg.a(lib_a-tzset.o)
 .bss           0x1ffff9bc       0x1b /usr/lib/gcc/arm-none-eabi/5.4.1/../../../arm-none-eabi/lib/armv6-m/libg.a(lib_a-tzset_r.o)
 *fill*         0x1ffff9d7        0x1 
 .bss           0x1ffff9d8        0x8 /usr/lib/gcc/arm-none-eabi/5.4.1/../../../arm-none-eabi/lib/armv6-m/libg.a(lib_a-tzvars.o)
                0x1ffff9d8                _timezone
                0x1ffff9dc                _daylight
 .bss           0x1ffff9e0        0x0 /usr/lib/gcc/arm-none-eabi/5.4.1/../../../arm-none-eabi/lib/armv6-m/libg.a(lib_a-vsnprintf.o)
 .bss           0x1ffff9e0        0x0 /usr/lib/gcc/arm-none-eabi/5.4.1/../../../arm-none-eabi/lib/armv6-m/libg.a(lib_a-__atexit.o)
 .bss           0x1ffff9e0        0x0 /usr/lib/gcc/arm-none-eabi/5.4.1/../../../arm-none-eabi/lib/armv6-m/libg.a(lib_a-__call_atexit.o)
 .bss           0x1ffff9e0        0x0 /usr/lib/gcc/arm-none-eabi/5.4.1/../../../arm-none-eabi/lib/armv6-m/libg.a(lib_a-asctime.o)
 .bss           0x1ffff9e0        0x0 /usr/lib/gcc/arm-none-eabi/5.4.1/../../../arm-none-eabi/lib/armv6-m/libg.a(lib_a-asctime_r.o)
 .bss           0x1ffff9e0        0x0 /usr/lib/gcc/arm-none-eabi/5.4.1/../../../arm-none-eabi/lib/armv6-m/libg.a(lib_a-dtoa.o)
 .bss           0x1ffff9e0        0x0 /usr/lib/gcc/arm-none-eabi/5.4.1/../../../arm-none-eabi/lib/armv6-m/libg.a(lib_a-freer.o)
 .bss           0x1ffff9e0        0x0 /usr/lib/gcc/arm-none-eabi/5.4.1/../../../arm-none-eabi/lib/armv6-m/libg.a(lib_a-getenv_r.o)
 .bss           0x1ffff9e0        0x0 /usr/lib/gcc/arm-none-eabi/5.4.1/../../../arm-none-eabi/lib/armv6-m/libg.a(lib_a-gettzinfo.o)
 .bss           0x1ffff9e0        0x0 /usr/lib/gcc/arm-none-eabi/5.4.1/../../../arm-none-eabi/lib/armv6-m/libg.a(lib_a-gmtime_r.o)
 .bss           0x1ffff9e0        0xc /usr/lib/gcc/arm-none-eabi/5.4.1/../../../arm-none-eabi/lib/armv6-m/libg.a(lib_a-locale.o)
                0x1ffff9e0                _PathLocale
                0x1ffff9e4                __mlocale_changed
                0x1ffff9e8                __nlocale_changed
 .bss           0x1ffff9ec        0x0 /usr/lib/gcc/arm-none-eabi/5.4.1/../../../arm-none-eabi/lib/armv6-m/libg.a(lib_a-memchr-stub.o)
 .bss           0x1ffff9ec        0x0 /usr/lib/gcc/arm-none-eabi/5.4.1/../../../arm-none-eabi/lib/armv6-m/libg.a(lib_a-mprec.o)
 .bss           0x1ffff9ec        0x0 /usr/lib/gcc/arm-none-eabi/5.4.1/../../../arm-none-eabi/lib/armv6-m/libg.a(lib_a-reent.o)
 .bss           0x1ffff9ec        0x0 /usr/lib/gcc/arm-none-eabi/5.4.1/../../../arm-none-eabi/lib/armv6-m/libg.a(lib_a-siprintf.o)
 .bss           0x1ffff9ec        0x0 /usr/lib/gcc/arm-none-eabi/5.4.1/../../../arm-none-eabi/lib/armv6-m/libg.a(lib_a-siscanf.o)
 .bss           0x1ffff9ec        0x0 /usr/lib/gcc/arm-none-eabi/5.4.1/../../../arm-none-eabi/lib/armv6-m/libg.a(lib_a-stdio.o)
 .bss           0x1ffff9ec        0x0 /usr/lib/gcc/arm-none-eabi/5.4.1/../../../arm-none-eabi/lib/armv6-m/libg.a(lib_a-strcmp.o)
 .bss           0x1ffff9ec        0x0 /usr/lib/gcc/arm-none-eabi/5.4.1/../../../arm-none-eabi/lib/armv6-m/libg.a(lib_a-strcpy.o)
 .bss           0x1ffff9ec        0x0 /usr/lib/gcc/arm-none-eabi/5.4.1/../../../arm-none-eabi/lib/armv6-m/libg.a(lib_a-strlen-stub.o)
 .bss           0x1ffff9ec        0x0 /usr/lib/gcc/arm-none-eabi/5.4.1/../../../arm-none-eabi/lib/armv6-m/libg.a(lib_a-strncmp.o)
 .bss           0x1ffff9ec        0x0 /usr/lib/gcc/arm-none-eabi/5.4.1/../../../arm-none-eabi/lib/armv6-m/libg.a(lib_a-strtoul.o)
 .bss           0x1ffff9ec        0x0 /usr/lib/gcc/arm-none-eabi/5.4.1/../../../arm-none-eabi/lib/armv6-m/libg.a(lib_a-svfiprintf.o)
 .bss           0x1ffff9ec        0x0 /usr/lib/gcc/arm-none-eabi/5.4.1/../../../arm-none-eabi/lib/armv6-m/libg.a(lib_a-svfiscanf.o)
 .bss           0x1ffff9ec        0x0 /usr/lib/gcc/arm-none-eabi/5.4.1/../../../arm-none-eabi/lib/armv6-m/libg.a(lib_a-ungetc.o)
 .bss           0x1ffff9ec        0x0 /usr/lib/gcc/arm-none-eabi/5.4.1/../../../arm-none-eabi/lib/armv6-m/libg.a(lib_a-writer.o)
 .bss           0x1ffff9ec        0x0 /usr/lib/gcc/arm-none-eabi/5.4.1/../../../arm-none-eabi/lib/armv6-m/libg.a(lib_a-callocr.o)
 .bss           0x1ffff9ec        0x0 /usr/lib/gcc/arm-none-eabi/5.4.1/../../../arm-none-eabi/lib/armv6-m/libg.a(lib_a-closer.o)
 .bss           0x1ffff9ec        0x0 /usr/lib/gcc/arm-none-eabi/5.4.1/../../../arm-none-eabi/lib/armv6-m/libg.a(lib_a-ctype_.o)
 .bss           0x1ffff9ec        0x4 /usr/lib/gcc/arm-none-eabi/5.4.1/../../../arm-none-eabi/lib/armv6-m/libg.a(lib_a-environ.o)
 .bss           0x1ffff9f0        0x0 /usr/lib/gcc/arm-none-eabi/5.4.1/../../../arm-none-eabi/lib/armv6-m/libg.a(lib_a-envlock.o)
 .bss           0x1ffff9f0        0x0 /usr/lib/gcc/arm-none-eabi/5.4.1/../../../arm-none-eabi/lib/armv6-m/libg.a(lib_a-fflush.o)
 .bss           0x1ffff9f0        0x0 /usr/lib/gcc/arm-none-eabi/5.4.1/../../../arm-none-eabi/lib/armv6-m/libg.a(lib_a-findfp.o)
 .bss           0x1ffff9f0        0x0 /usr/lib/gcc/arm-none-eabi/5.4.1/../../../arm-none-eabi/lib/armv6-m/libg.a(lib_a-fwalk.o)
 .bss           0x1ffff9f0        0x0 /usr/lib/gcc/arm-none-eabi/5.4.1/../../../arm-none-eabi/lib/armv6-m/libg.a(lib_a-iswspace.o)
 .bss           0x1ffff9f0        0x0 /usr/lib/gcc/arm-none-eabi/5.4.1/../../../arm-none-eabi/lib/armv6-m/libg.a(lib_a-lseekr.o)
 .bss           0x1ffff9f0        0x0 /usr/lib/gcc/arm-none-eabi/5.4.1/../../../arm-none-eabi/lib/armv6-m/libg.a(lib_a-mbrtowc.o)
 .bss           0x1ffff9f0        0x0 /usr/lib/gcc/arm-none-eabi/5.4.1/../../../arm-none-eabi/lib/armv6-m/libg.a(lib_a-mbtowc_r.o)
 .bss           0x1ffff9f0        0x0 /usr/lib/gcc/arm-none-eabi/5.4.1/../../../arm-none-eabi/lib/armv6-m/libg.a(lib_a-readr.o)
 .bss           0x1ffff9f0        0x0 /usr/lib/gcc/arm-none-eabi/5.4.1/../../../arm-none-eabi/lib/armv6-m/libg.a(lib_a-reallocr.o)
 .bss           0x1ffff9f0        0x0 /usr/lib/gcc/arm-none-eabi/5.4.1/../../../arm-none-eabi/lib/armv6-m/libg.a(lib_a-sccl.o)
 .bss           0x1ffff9f0        0x0 /usr/lib/gcc/arm-none-eabi/5.4.1/../../../arm-none-eabi/lib/armv6-m/libg.a(lib_a-strtol.o)
 .bss           0x1ffff9f0        0x0 /usr/lib/gcc/arm-none-eabi/5.4.1/../../../arm-none-eabi/lib/armv6-m/libg.a(lib_a-strtoll_r.o)
 .bss           0x1ffff9f0        0x0 /usr/lib/gcc/arm-none-eabi/5.4.1/../../../arm-none-eabi/lib/armv6-m/libg.a(lib_a-strtoull_r.o)
 .bss           0x1ffff9f0        0x0 /usr/lib/gcc/arm-none-eabi/5.4.1/../../../arm-none-eabi/lib/armv6-m/libg.a(lib_a-fclose.o)
 .bss           0x1ffff9f0        0x0 /usr/lib/gcc/arm-none-eabi/5.4.1/armv6-m/libgcc.a(_divsi3.o)
 .bss           0x1ffff9f0        0x0 /usr/lib/gcc/arm-none-eabi/5.4.1/armv6-m/libgcc.a(_aeabi_uldivmod.o)
 .bss           0x1ffff9f0        0x0 /usr/lib/gcc/arm-none-eabi/5.4.1/armv6-m/libgcc.a(_muldi3.o)
 .bss           0x1ffff9f0        0x0 /usr/lib/gcc/arm-none-eabi/5.4.1/armv6-m/libgcc.a(_udivmoddi4.o)
 .bss           0x1ffff9f0        0x0 /usr/lib/gcc/arm-none-eabi/5.4.1/armv6-m/libgcc.a(adddf3.o)
 .bss           0x1ffff9f0        0x0 /usr/lib/gcc/arm-none-eabi/5.4.1/armv6-m/libgcc.a(subdf3.o)
 .bss           0x1ffff9f0        0x0 /usr/lib/gcc/arm-none-eabi/5.4.1/armv6-m/libgcc.a(unorddf2.o)
 .bss           0x1ffff9f0        0x0 /usr/lib/gcc/arm-none-eabi/5.4.1/armv6-m/libgcc.a(fixdfsi.o)
 .bss           0x1ffff9f0        0x0 /usr/lib/gcc/arm-none-eabi/5.4.1/armv6-m/libgcc.a(floatsidf.o)
 .bss           0x1ffff9f0        0x0 /usr/lib/gcc/arm-none-eabi/5.4.1/armv6-m/libgcc.a(floatunsidf.o)
 .bss           0x1ffff9f0        0x0 /usr/lib/gcc/arm-none-eabi/5.4.1/armv6-m/libgcc.a(_clzdi2.o)
 .bss           0x1ffff9f0        0x0 /usr/lib/gcc/arm-none-eabi/5.4.1/../../../arm-none-eabi/lib/armv6-m/libnosys.a(close.o)
 .bss           0x1ffff9f0        0x0 /usr/lib/gcc/arm-none-eabi/5.4.1/../../../arm-none-eabi/lib/armv6-m/libnosys.a(lseek.o)
 .bss           0x1ffff9f0        0x0 /usr/lib/gcc/arm-none-eabi/5.4.1/../../../arm-none-eabi/lib/armv6-m/libnosys.a(read.o)
 .bss           0x1ffff9f0        0x4 /usr/lib/gcc/arm-none-eabi/5.4.1/../../../arm-none-eabi/lib/armv6-m/libnosys.a(sbrk.o)
 .bss           0x1ffff9f4        0x0 /usr/lib/gcc/arm-none-eabi/5.4.1/../../../arm-none-eabi/lib/armv6-m/libnosys.a(write.o)
 .bss           0x1ffff9f4        0x0 /usr/lib/gcc/arm-none-eabi/5.4.1/../../../arm-none-eabi/lib/armv6-m/libnosys.a(_exit.o)
 .bss           0x1ffff9f4        0x0 /usr/lib/gcc/arm-none-eabi/5.4.1/armv6-m/crtend.o
 .bss           0x1ffff9f4        0x0 /usr/lib/gcc/arm-none-eabi/5.4.1/armv6-m/crtn.o
 *(.bss*)
 *(COMMON)
 COMMON         0x1ffff9f4        0x0 memory.o
 COMMON         0x1ffff9f4        0x0 platform.o
 COMMON         0x1ffff9f4        0x0 project3.o
 COMMON         0x1ffff9f4        0x4 /usr/lib/gcc/arm-none-eabi/5.4.1/../../../arm-none-eabi/lib/armv6-m/libg.a(lib_a-reent.o)
                0x1ffff9f4                errno
                0x1ffff9f8                . = ALIGN (0x4)
                0x1ffff9f8                __bss_end__ = .
                0x1ffff9f8                __END_BSS = .

.heap           0x1ffff9f8     0x3200 load address 0x0000fe58
                0x1ffff9f8                . = ALIGN (0x8)
                0x1ffff9f8                __end__ = .
                0x1ffff9f8                PROVIDE (end, .)
                0x1ffff9f8                __HeapBase = .
                0x20002bf8                . = (. + HEAP_SIZE)
 *fill*         0x1ffff9f8     0x3200 
                0x20002bf8                __HeapLimit = .

.stack          0x20002bf8      0x400 load address 0x00013058
                0x20002bf8                . = ALIGN (0x8)
                0x20002ff8                . = (. + STACK_SIZE)
 *fill*         0x20002bf8      0x400 
                0x20003000                __StackTop = (ORIGIN (m_data) + LENGTH (m_data))
                0x20002c00                __StackLimit = (__StackTop - STACK_SIZE)
                0x20003000                PROVIDE (__stack, __StackTop)

.ARM.attributes
                0x00000000       0x28
 *(.ARM.attributes)
 .ARM.attributes
                0x00000000       0x1e /usr/lib/gcc/arm-none-eabi/5.4.1/armv6-m/crti.o
 .ARM.attributes
                0x0000001e       0x2c /usr/lib/gcc/arm-none-eabi/5.4.1/armv6-m/crtbegin.o
 .ARM.attributes
                0x0000004a       0x1b /usr/lib/gcc/arm-none-eabi/5.4.1/../../../arm-none-eabi/lib/armv6-m/crt0.o
 .ARM.attributes
                0x00000065       0x32 debug.o
 .ARM.attributes
                0x00000097       0x32 memory.o
 .ARM.attributes
                0x000000c9       0x32 conversion.o
 .ARM.attributes
                0x000000fb       0x32 circular_buffer.o
 .ARM.attributes
                0x0000012d       0x32 platform.o
 .ARM.attributes
                0x0000015f       0x32 logger_queue.o
 .ARM.attributes
                0x00000191       0x32 logger_helper.o
 .ARM.attributes
                0x000001c3       0x32 logger.o
 .ARM.attributes
                0x000001f5       0x32 data_processing.o
 .ARM.attributes
                0x00000227       0x32 timestamp.o
 .ARM.attributes
                0x00000259       0x32 time_profiler.o
 .ARM.attributes
                0x0000028b       0x32 project3.o
 .ARM.attributes
                0x000002bd       0x32 main.o
 .ARM.attributes
                0x000002ef       0x32 system_MKL25Z4.o
 .ARM.attributes
                0x00000321       0x32 mcg.o
 .ARM.attributes
                0x00000353       0x32 gpio.o
 .ARM.attributes
                0x00000385       0x32 uart0.o
 .ARM.attributes
                0x000003b7       0x32 dma.o
 .ARM.attributes
                0x000003e9       0x32 nordic_driver.o
 .ARM.attributes
                0x0000041b       0x32 spi.o
 .ARM.attributes
                0x0000044d       0x32 timer0.o
 .ARM.attributes
                0x0000047f       0x1b startup_MKL25Z4.o
 .ARM.attributes
                0x0000049a       0x1e /usr/lib/gcc/arm-none-eabi/5.4.1/armv6-m/libgcc.a(_udivsi3.o)
 .ARM.attributes
                0x000004b8       0x1e /usr/lib/gcc/arm-none-eabi/5.4.1/armv6-m/libgcc.a(_dvmd_tls.o)
 .ARM.attributes
                0x000004d6       0x1e /usr/lib/gcc/arm-none-eabi/5.4.1/armv6-m/libgcc.a(_arm_cmpdf2.o)
 .ARM.attributes
                0x000004f4       0x2c /usr/lib/gcc/arm-none-eabi/5.4.1/armv6-m/libgcc.a(floatunsisf.o)
 .ARM.attributes
                0x00000520       0x2c /usr/lib/gcc/arm-none-eabi/5.4.1/armv6-m/libgcc.a(divdf3.o)
 .ARM.attributes
                0x0000054c       0x2c /usr/lib/gcc/arm-none-eabi/5.4.1/armv6-m/libgcc.a(eqdf2.o)
 .ARM.attributes
                0x00000578       0x2c /usr/lib/gcc/arm-none-eabi/5.4.1/armv6-m/libgcc.a(gedf2.o)
 .ARM.attributes
                0x000005a4       0x2c /usr/lib/gcc/arm-none-eabi/5.4.1/armv6-m/libgcc.a(ledf2.o)
 .ARM.attributes
                0x000005d0       0x2c /usr/lib/gcc/arm-none-eabi/5.4.1/armv6-m/libgcc.a(muldf3.o)
 .ARM.attributes
                0x000005fc       0x2c /usr/lib/gcc/arm-none-eabi/5.4.1/armv6-m/libgcc.a(extendsfdf2.o)
 .ARM.attributes
                0x00000628       0x2c /usr/lib/gcc/arm-none-eabi/5.4.1/armv6-m/libgcc.a(truncdfsf2.o)
 .ARM.attributes
                0x00000654       0x1e /usr/lib/gcc/arm-none-eabi/5.4.1/armv6-m/libgcc.a(_clzsi2.o)
 .ARM.attributes
                0x00000672       0x2c /usr/lib/gcc/arm-none-eabi/5.4.1/../../../arm-none-eabi/lib/armv6-m/libg.a(lib_a-atexit.o)
 .ARM.attributes
                0x0000069e       0x2c /usr/lib/gcc/arm-none-eabi/5.4.1/../../../arm-none-eabi/lib/armv6-m/libg.a(lib_a-ctime.o)
 .ARM.attributes
                0x000006ca       0x2c /usr/lib/gcc/arm-none-eabi/5.4.1/../../../arm-none-eabi/lib/armv6-m/libg.a(lib_a-exit.o)
 .ARM.attributes
                0x000006f6       0x2c /usr/lib/gcc/arm-none-eabi/5.4.1/../../../arm-none-eabi/lib/armv6-m/libg.a(lib_a-fini.o)
 .ARM.attributes
                0x00000722       0x2c /usr/lib/gcc/arm-none-eabi/5.4.1/../../../arm-none-eabi/lib/armv6-m/libg.a(lib_a-impure.o)
 .ARM.attributes
                0x0000074e       0x2c /usr/lib/gcc/arm-none-eabi/5.4.1/../../../arm-none-eabi/lib/armv6-m/libg.a(lib_a-init.o)
 .ARM.attributes
                0x0000077a       0x2c /usr/lib/gcc/arm-none-eabi/5.4.1/../../../arm-none-eabi/lib/armv6-m/libg.a(lib_a-lcltime.o)
 .ARM.attributes
                0x000007a6       0x2c /usr/lib/gcc/arm-none-eabi/5.4.1/../../../arm-none-eabi/lib/armv6-m/libg.a(lib_a-lcltime_r.o)
 .ARM.attributes
                0x000007d2       0x2c /usr/lib/gcc/arm-none-eabi/5.4.1/../../../arm-none-eabi/lib/armv6-m/libg.a(lib_a-malloc.o)
 .ARM.attributes
                0x000007fe       0x2c /usr/lib/gcc/arm-none-eabi/5.4.1/../../../arm-none-eabi/lib/armv6-m/libg.a(lib_a-mallocr.o)
 .ARM.attributes
                0x0000082a       0x2c /usr/lib/gcc/arm-none-eabi/5.4.1/../../../arm-none-eabi/lib/armv6-m/libg.a(lib_a-memcpy-stub.o)
 .ARM.attributes
                0x00000856       0x2c /usr/lib/gcc/arm-none-eabi/5.4.1/../../../arm-none-eabi/lib/armv6-m/libg.a(lib_a-memmove.o)
 .ARM.attributes
                0x00000882       0x2c /usr/lib/gcc/arm-none-eabi/5.4.1/../../../arm-none-eabi/lib/armv6-m/libg.a(lib_a-memset.o)
 .ARM.attributes
                0x000008ae       0x2c /usr/lib/gcc/arm-none-eabi/5.4.1/../../../arm-none-eabi/lib/armv6-m/libg.a(lib_a-mlock.o)
 .ARM.attributes
                0x000008da       0x2c /usr/lib/gcc/arm-none-eabi/5.4.1/../../../arm-none-eabi/lib/armv6-m/libg.a(lib_a-month_lengths.o)
 .ARM.attributes
                0x00000906       0x2c /usr/lib/gcc/arm-none-eabi/5.4.1/../../../arm-none-eabi/lib/armv6-m/libg.a(lib_a-sbrkr.o)
 .ARM.attributes
                0x00000932       0x2c /usr/lib/gcc/arm-none-eabi/5.4.1/../../../arm-none-eabi/lib/armv6-m/libg.a(lib_a-sprintf.o)
 .ARM.attributes
                0x0000095e       0x2c /usr/lib/gcc/arm-none-eabi/5.4.1/../../../arm-none-eabi/lib/armv6-m/libg.a(lib_a-svfprintf.o)
 .ARM.attributes
                0x0000098a       0x2c /usr/lib/gcc/arm-none-eabi/5.4.1/../../../arm-none-eabi/lib/armv6-m/libg.a(lib_a-tzcalc_limits.o)
 .ARM.attributes
                0x000009b6       0x2c /usr/lib/gcc/arm-none-eabi/5.4.1/../../../arm-none-eabi/lib/armv6-m/libg.a(lib_a-tzlock.o)
 .ARM.attributes
                0x000009e2       0x2c /usr/lib/gcc/arm-none-eabi/5.4.1/../../../arm-none-eabi/lib/armv6-m/libg.a(lib_a-tzset.o)
 .ARM.attributes
                0x00000a0e       0x2c /usr/lib/gcc/arm-none-eabi/5.4.1/../../../arm-none-eabi/lib/armv6-m/libg.a(lib_a-tzset_r.o)
 .ARM.attributes
                0x00000a3a       0x2c /usr/lib/gcc/arm-none-eabi/5.4.1/../../../arm-none-eabi/lib/armv6-m/libg.a(lib_a-tzvars.o)
 .ARM.attributes
                0x00000a66       0x2c /usr/lib/gcc/arm-none-eabi/5.4.1/../../../arm-none-eabi/lib/armv6-m/libg.a(lib_a-vsnprintf.o)
 .ARM.attributes
                0x00000a92       0x2c /usr/lib/gcc/arm-none-eabi/5.4.1/../../../arm-none-eabi/lib/armv6-m/libg.a(lib_a-__atexit.o)
 .ARM.attributes
                0x00000abe       0x2c /usr/lib/gcc/arm-none-eabi/5.4.1/../../../arm-none-eabi/lib/armv6-m/libg.a(lib_a-__call_atexit.o)
 .ARM.attributes
                0x00000aea       0x2c /usr/lib/gcc/arm-none-eabi/5.4.1/../../../arm-none-eabi/lib/armv6-m/libg.a(lib_a-asctime.o)
 .ARM.attributes
                0x00000b16       0x2c /usr/lib/gcc/arm-none-eabi/5.4.1/../../../arm-none-eabi/lib/armv6-m/libg.a(lib_a-asctime_r.o)
 .ARM.attributes
                0x00000b42       0x2c /usr/lib/gcc/arm-none-eabi/5.4.1/../../../arm-none-eabi/lib/armv6-m/libg.a(lib_a-dtoa.o)
 .ARM.attributes
                0x00000b6e       0x2c /usr/lib/gcc/arm-none-eabi/5.4.1/../../../arm-none-eabi/lib/armv6-m/libg.a(lib_a-freer.o)
 .ARM.attributes
                0x00000b9a       0x2c /usr/lib/gcc/arm-none-eabi/5.4.1/../../../arm-none-eabi/lib/armv6-m/libg.a(lib_a-getenv_r.o)
 .ARM.attributes
                0x00000bc6       0x2c /usr/lib/gcc/arm-none-eabi/5.4.1/../../../arm-none-eabi/lib/armv6-m/libg.a(lib_a-gettzinfo.o)
 .ARM.attributes
                0x00000bf2       0x2c /usr/lib/gcc/arm-none-eabi/5.4.1/../../../arm-none-eabi/lib/armv6-m/libg.a(lib_a-gmtime_r.o)
 .ARM.attributes
                0x00000c1e       0x2c /usr/lib/gcc/arm-none-eabi/5.4.1/../../../arm-none-eabi/lib/armv6-m/libg.a(lib_a-locale.o)
 .ARM.attributes
                0x00000c4a       0x2c /usr/lib/gcc/arm-none-eabi/5.4.1/../../../arm-none-eabi/lib/armv6-m/libg.a(lib_a-memchr-stub.o)
 .ARM.attributes
                0x00000c76       0x2c /usr/lib/gcc/arm-none-eabi/5.4.1/../../../arm-none-eabi/lib/armv6-m/libg.a(lib_a-mprec.o)
 .ARM.attributes
                0x00000ca2       0x2c /usr/lib/gcc/arm-none-eabi/5.4.1/../../../arm-none-eabi/lib/armv6-m/libg.a(lib_a-reent.o)
 .ARM.attributes
                0x00000cce       0x2c /usr/lib/gcc/arm-none-eabi/5.4.1/../../../arm-none-eabi/lib/armv6-m/libg.a(lib_a-siprintf.o)
 .ARM.attributes
                0x00000cfa       0x2c /usr/lib/gcc/arm-none-eabi/5.4.1/../../../arm-none-eabi/lib/armv6-m/libg.a(lib_a-siscanf.o)
 .ARM.attributes
                0x00000d26       0x2c /usr/lib/gcc/arm-none-eabi/5.4.1/../../../arm-none-eabi/lib/armv6-m/libg.a(lib_a-stdio.o)
 .ARM.attributes
                0x00000d52       0x1b /usr/lib/gcc/arm-none-eabi/5.4.1/../../../arm-none-eabi/lib/armv6-m/libg.a(lib_a-strcmp.o)
 .ARM.attributes
                0x00000d6d       0x2c /usr/lib/gcc/arm-none-eabi/5.4.1/../../../arm-none-eabi/lib/armv6-m/libg.a(lib_a-strcpy.o)
 .ARM.attributes
                0x00000d99       0x2c /usr/lib/gcc/arm-none-eabi/5.4.1/../../../arm-none-eabi/lib/armv6-m/libg.a(lib_a-strlen-stub.o)
 .ARM.attributes
                0x00000dc5       0x2c /usr/lib/gcc/arm-none-eabi/5.4.1/../../../arm-none-eabi/lib/armv6-m/libg.a(lib_a-strncmp.o)
 .ARM.attributes
                0x00000df1       0x2c /usr/lib/gcc/arm-none-eabi/5.4.1/../../../arm-none-eabi/lib/armv6-m/libg.a(lib_a-strtoul.o)
 .ARM.attributes
                0x00000e1d       0x2c /usr/lib/gcc/arm-none-eabi/5.4.1/../../../arm-none-eabi/lib/armv6-m/libg.a(lib_a-svfiprintf.o)
 .ARM.attributes
                0x00000e49       0x2c /usr/lib/gcc/arm-none-eabi/5.4.1/../../../arm-none-eabi/lib/armv6-m/libg.a(lib_a-svfiscanf.o)
 .ARM.attributes
                0x00000e75       0x2c /usr/lib/gcc/arm-none-eabi/5.4.1/../../../arm-none-eabi/lib/armv6-m/libg.a(lib_a-ungetc.o)
 .ARM.attributes
                0x00000ea1       0x2c /usr/lib/gcc/arm-none-eabi/5.4.1/../../../arm-none-eabi/lib/armv6-m/libg.a(lib_a-writer.o)
 .ARM.attributes
                0x00000ecd       0x2c /usr/lib/gcc/arm-none-eabi/5.4.1/../../../arm-none-eabi/lib/armv6-m/libg.a(lib_a-callocr.o)
 .ARM.attributes
                0x00000ef9       0x2c /usr/lib/gcc/arm-none-eabi/5.4.1/../../../arm-none-eabi/lib/armv6-m/libg.a(lib_a-closer.o)
 .ARM.attributes
                0x00000f25       0x2c /usr/lib/gcc/arm-none-eabi/5.4.1/../../../arm-none-eabi/lib/armv6-m/libg.a(lib_a-ctype_.o)
 .ARM.attributes
                0x00000f51       0x2c /usr/lib/gcc/arm-none-eabi/5.4.1/../../../arm-none-eabi/lib/armv6-m/libg.a(lib_a-environ.o)
 .ARM.attributes
                0x00000f7d       0x2c /usr/lib/gcc/arm-none-eabi/5.4.1/../../../arm-none-eabi/lib/armv6-m/libg.a(lib_a-envlock.o)
 .ARM.attributes
                0x00000fa9       0x2c /usr/lib/gcc/arm-none-eabi/5.4.1/../../../arm-none-eabi/lib/armv6-m/libg.a(lib_a-fflush.o)
 .ARM.attributes
                0x00000fd5       0x2c /usr/lib/gcc/arm-none-eabi/5.4.1/../../../arm-none-eabi/lib/armv6-m/libg.a(lib_a-findfp.o)
 .ARM.attributes
                0x00001001       0x2c /usr/lib/gcc/arm-none-eabi/5.4.1/../../../arm-none-eabi/lib/armv6-m/libg.a(lib_a-fwalk.o)
 .ARM.attributes
                0x0000102d       0x2c /usr/lib/gcc/arm-none-eabi/5.4.1/../../../arm-none-eabi/lib/armv6-m/libg.a(lib_a-iswspace.o)
 .ARM.attributes
                0x00001059       0x2c /usr/lib/gcc/arm-none-eabi/5.4.1/../../../arm-none-eabi/lib/armv6-m/libg.a(lib_a-lseekr.o)
 .ARM.attributes
                0x00001085       0x2c /usr/lib/gcc/arm-none-eabi/5.4.1/../../../arm-none-eabi/lib/armv6-m/libg.a(lib_a-mbrtowc.o)
 .ARM.attributes
                0x000010b1       0x2c /usr/lib/gcc/arm-none-eabi/5.4.1/../../../arm-none-eabi/lib/armv6-m/libg.a(lib_a-mbtowc_r.o)
 .ARM.attributes
                0x000010dd       0x2c /usr/lib/gcc/arm-none-eabi/5.4.1/../../../arm-none-eabi/lib/armv6-m/libg.a(lib_a-readr.o)
 .ARM.attributes
                0x00001109       0x2c /usr/lib/gcc/arm-none-eabi/5.4.1/../../../arm-none-eabi/lib/armv6-m/libg.a(lib_a-reallocr.o)
 .ARM.attributes
                0x00001135       0x2c /usr/lib/gcc/arm-none-eabi/5.4.1/../../../arm-none-eabi/lib/armv6-m/libg.a(lib_a-sccl.o)
 .ARM.attributes
                0x00001161       0x2c /usr/lib/gcc/arm-none-eabi/5.4.1/../../../arm-none-eabi/lib/armv6-m/libg.a(lib_a-strtol.o)
 .ARM.attributes
                0x0000118d       0x2c /usr/lib/gcc/arm-none-eabi/5.4.1/../../../arm-none-eabi/lib/armv6-m/libg.a(lib_a-strtoll_r.o)
 .ARM.attributes
                0x000011b9       0x2c /usr/lib/gcc/arm-none-eabi/5.4.1/../../../arm-none-eabi/lib/armv6-m/libg.a(lib_a-strtoull_r.o)
 .ARM.attributes
                0x000011e5       0x2c /usr/lib/gcc/arm-none-eabi/5.4.1/../../../arm-none-eabi/lib/armv6-m/libg.a(lib_a-fclose.o)
 .ARM.attributes
                0x00001211       0x1e /usr/lib/gcc/arm-none-eabi/5.4.1/armv6-m/libgcc.a(_divsi3.o)
 .ARM.attributes
                0x0000122f       0x1e /usr/lib/gcc/arm-none-eabi/5.4.1/armv6-m/libgcc.a(_aeabi_uldivmod.o)
 .ARM.attributes
                0x0000124d       0x2c /usr/lib/gcc/arm-none-eabi/5.4.1/armv6-m/libgcc.a(_muldi3.o)
 .ARM.attributes
                0x00001279       0x2c /usr/lib/gcc/arm-none-eabi/5.4.1/armv6-m/libgcc.a(_udivmoddi4.o)
 .ARM.attributes
                0x000012a5       0x2c /usr/lib/gcc/arm-none-eabi/5.4.1/armv6-m/libgcc.a(adddf3.o)
 .ARM.attributes
                0x000012d1       0x2c /usr/lib/gcc/arm-none-eabi/5.4.1/armv6-m/libgcc.a(subdf3.o)
 .ARM.attributes
                0x000012fd       0x2c /usr/lib/gcc/arm-none-eabi/5.4.1/armv6-m/libgcc.a(unorddf2.o)
 .ARM.attributes
                0x00001329       0x2c /usr/lib/gcc/arm-none-eabi/5.4.1/armv6-m/libgcc.a(fixdfsi.o)
 .ARM.attributes
                0x00001355       0x2c /usr/lib/gcc/arm-none-eabi/5.4.1/armv6-m/libgcc.a(floatsidf.o)
 .ARM.attributes
                0x00001381       0x2c /usr/lib/gcc/arm-none-eabi/5.4.1/armv6-m/libgcc.a(floatunsidf.o)
 .ARM.attributes
                0x000013ad       0x1e /usr/lib/gcc/arm-none-eabi/5.4.1/armv6-m/libgcc.a(_clzdi2.o)
 .ARM.attributes
                0x000013cb       0x2c /usr/lib/gcc/arm-none-eabi/5.4.1/../../../arm-none-eabi/lib/armv6-m/libnosys.a(close.o)
 .ARM.attributes
                0x000013f7       0x2c /usr/lib/gcc/arm-none-eabi/5.4.1/../../../arm-none-eabi/lib/armv6-m/libnosys.a(lseek.o)
 .ARM.attributes
                0x00001423       0x2c /usr/lib/gcc/arm-none-eabi/5.4.1/../../../arm-none-eabi/lib/armv6-m/libnosys.a(read.o)
 .ARM.attributes
                0x0000144f       0x2c /usr/lib/gcc/arm-none-eabi/5.4.1/../../../arm-none-eabi/lib/armv6-m/libnosys.a(sbrk.o)
 .ARM.attributes
                0x0000147b       0x2c /usr/lib/gcc/arm-none-eabi/5.4.1/../../../arm-none-eabi/lib/armv6-m/libnosys.a(write.o)
 .ARM.attributes
                0x000014a7       0x2c /usr/lib/gcc/arm-none-eabi/5.4.1/../../../arm-none-eabi/lib/armv6-m/libnosys.a(_exit.o)
 .ARM.attributes
                0x000014d3       0x2c /usr/lib/gcc/arm-none-eabi/5.4.1/armv6-m/crtend.o
 .ARM.attributes
                0x000014ff       0x1e /usr/lib/gcc/arm-none-eabi/5.4.1/armv6-m/crtn.o
                0x00000001                ASSERT ((__StackLimit >= __HeapLimit), region m_data overflowed with stack and heap)
OUTPUT(project3.elf elf32-littlearm)

.comment        0x00000000       0x2b
 .comment       0x00000000       0x2b /usr/lib/gcc/arm-none-eabi/5.4.1/armv6-m/crtbegin.o
                                 0x2c (size before relaxing)
 .comment       0x0000002b       0x2c debug.o
 .comment       0x0000002b       0x2c memory.o
 .comment       0x0000002b       0x2c conversion.o
 .comment       0x0000002b       0x2c circular_buffer.o
 .comment       0x0000002b       0x2c platform.o
 .comment       0x0000002b       0x2c logger_queue.o
 .comment       0x0000002b       0x2c logger_helper.o
 .comment       0x0000002b       0x2c logger.o
 .comment       0x0000002b       0x2c data_processing.o
 .comment       0x0000002b       0x2c timestamp.o
 .comment       0x0000002b       0x2c time_profiler.o
 .comment       0x0000002b       0x2c project3.o
 .comment       0x0000002b       0x2c main.o
 .comment       0x0000002b       0x2c system_MKL25Z4.o
 .comment       0x0000002b       0x2c mcg.o
 .comment       0x0000002b       0x2c gpio.o
 .comment       0x0000002b       0x2c uart0.o
 .comment       0x0000002b       0x2c dma.o
 .comment       0x0000002b       0x2c nordic_driver.o
 .comment       0x0000002b       0x2c spi.o
 .comment       0x0000002b       0x2c timer0.o
 .comment       0x0000002b       0x2c /usr/lib/gcc/arm-none-eabi/5.4.1/armv6-m/libgcc.a(floatunsisf.o)
 .comment       0x0000002b       0x2c /usr/lib/gcc/arm-none-eabi/5.4.1/armv6-m/libgcc.a(divdf3.o)
 .comment       0x0000002b       0x2c /usr/lib/gcc/arm-none-eabi/5.4.1/armv6-m/libgcc.a(eqdf2.o)
 .comment       0x0000002b       0x2c /usr/lib/gcc/arm-none-eabi/5.4.1/armv6-m/libgcc.a(gedf2.o)
 .comment       0x0000002b       0x2c /usr/lib/gcc/arm-none-eabi/5.4.1/armv6-m/libgcc.a(ledf2.o)
 .comment       0x0000002b       0x2c /usr/lib/gcc/arm-none-eabi/5.4.1/armv6-m/libgcc.a(muldf3.o)
 .comment       0x0000002b       0x2c /usr/lib/gcc/arm-none-eabi/5.4.1/armv6-m/libgcc.a(extendsfdf2.o)
 .comment       0x0000002b       0x2c /usr/lib/gcc/arm-none-eabi/5.4.1/armv6-m/libgcc.a(truncdfsf2.o)
 .comment       0x0000002b       0x2c /usr/lib/gcc/arm-none-eabi/5.4.1/../../../arm-none-eabi/lib/armv6-m/libg.a(lib_a-atexit.o)
 .comment       0x0000002b       0x2c /usr/lib/gcc/arm-none-eabi/5.4.1/../../../arm-none-eabi/lib/armv6-m/libg.a(lib_a-ctime.o)
 .comment       0x0000002b       0x2c /usr/lib/gcc/arm-none-eabi/5.4.1/../../../arm-none-eabi/lib/armv6-m/libg.a(lib_a-exit.o)
 .comment       0x0000002b       0x2c /usr/lib/gcc/arm-none-eabi/5.4.1/../../../arm-none-eabi/lib/armv6-m/libg.a(lib_a-fini.o)
 .comment       0x0000002b       0x2c /usr/lib/gcc/arm-none-eabi/5.4.1/../../../arm-none-eabi/lib/armv6-m/libg.a(lib_a-impure.o)
 .comment       0x0000002b       0x2c /usr/lib/gcc/arm-none-eabi/5.4.1/../../../arm-none-eabi/lib/armv6-m/libg.a(lib_a-init.o)
 .comment       0x0000002b       0x2c /usr/lib/gcc/arm-none-eabi/5.4.1/../../../arm-none-eabi/lib/armv6-m/libg.a(lib_a-lcltime.o)
 .comment       0x0000002b       0x2c /usr/lib/gcc/arm-none-eabi/5.4.1/../../../arm-none-eabi/lib/armv6-m/libg.a(lib_a-lcltime_r.o)
 .comment       0x0000002b       0x2c /usr/lib/gcc/arm-none-eabi/5.4.1/../../../arm-none-eabi/lib/armv6-m/libg.a(lib_a-malloc.o)
 .comment       0x0000002b       0x2c /usr/lib/gcc/arm-none-eabi/5.4.1/../../../arm-none-eabi/lib/armv6-m/libg.a(lib_a-mallocr.o)